Archive member included to satisfy reference by file (symbol)

/opt/st/stm32cubeide_2.1.1/plugins/com.st.stm32cube.ide.mcu.externaltools.gnu-tools-for-stm32.14.3.rel1.linux64_1.0.100.202602081740/tools/bin/../lib/gcc/arm-none-eabi/14.3.1/../../../../arm-none-eabi/lib/thumb/v7e-m+fp/hard/libc_nano.a(libc_a-exit.o)
                              /opt/st/stm32cubeide_2.1.1/plugins/com.st.stm32cube.ide.mcu.externaltools.gnu-tools-for-stm32.14.3.rel1.linux64_1.0.100.202602081740/tools/bin/../lib/gcc/arm-none-eabi/14.3.1/../../../../arm-none-eabi/lib/thumb/v7e-m+fp/hard/crt0.o (exit)
/opt/st/stm32cubeide_2.1.1/plugins/com.st.stm32cube.ide.mcu.externaltools.gnu-tools-for-stm32.14.3.rel1.linux64_1.0.100.202602081740/tools/bin/../lib/gcc/arm-none-eabi/14.3.1/../../../../arm-none-eabi/lib/thumb/v7e-m+fp/hard/libc_nano.a(libc_a-findfp.o)
                              /opt/st/stm32cubeide_2.1.1/plugins/com.st.stm32cube.ide.mcu.externaltools.gnu-tools-for-stm32.14.3.rel1.linux64_1.0.100.202602081740/tools/bin/../lib/gcc/arm-none-eabi/14.3.1/../../../../arm-none-eabi/lib/thumb/v7e-m+fp/hard/libc_nano.a(libc_a-exit.o) (__stdio_exit_handler)
/opt/st/stm32cubeide_2.1.1/plugins/com.st.stm32cube.ide.mcu.externaltools.gnu-tools-for-stm32.14.3.rel1.linux64_1.0.100.202602081740/tools/bin/../lib/gcc/arm-none-eabi/14.3.1/../../../../arm-none-eabi/lib/thumb/v7e-m+fp/hard/libc_nano.a(libc_a-fwalk.o)
                              /opt/st/stm32cubeide_2.1.1/plugins/com.st.stm32cube.ide.mcu.externaltools.gnu-tools-for-stm32.14.3.rel1.linux64_1.0.100.202602081740/tools/bin/../lib/gcc/arm-none-eabi/14.3.1/../../../../arm-none-eabi/lib/thumb/v7e-m+fp/hard/libc_nano.a(libc_a-findfp.o) (_fwalk_sglue)
/opt/st/stm32cubeide_2.1.1/plugins/com.st.stm32cube.ide.mcu.externaltools.gnu-tools-for-stm32.14.3.rel1.linux64_1.0.100.202602081740/tools/bin/../lib/gcc/arm-none-eabi/14.3.1/../../../../arm-none-eabi/lib/thumb/v7e-m+fp/hard/libc_nano.a(libc_a-sprintf.o)
                              ./Core/Src/main.o (sprintf)
/opt/st/stm32cubeide_2.1.1/plugins/com.st.stm32cube.ide.mcu.externaltools.gnu-tools-for-stm32.14.3.rel1.linux64_1.0.100.202602081740/tools/bin/../lib/gcc/arm-none-eabi/14.3.1/../../../../arm-none-eabi/lib/thumb/v7e-m+fp/hard/libc_nano.a(libc_a-stdio.o)
                              /opt/st/stm32cubeide_2.1.1/plugins/com.st.stm32cube.ide.mcu.externaltools.gnu-tools-for-stm32.14.3.rel1.linux64_1.0.100.202602081740/tools/bin/../lib/gcc/arm-none-eabi/14.3.1/../../../../arm-none-eabi/lib/thumb/v7e-m+fp/hard/libc_nano.a(libc_a-findfp.o) (__sread)
/opt/st/stm32cubeide_2.1.1/plugins/com.st.stm32cube.ide.mcu.externaltools.gnu-tools-for-stm32.14.3.rel1.linux64_1.0.100.202602081740/tools/bin/../lib/gcc/arm-none-eabi/14.3.1/../../../../arm-none-eabi/lib/thumb/v7e-m+fp/hard/libc_nano.a(libc_a-memset.o)
                              /opt/st/stm32cubeide_2.1.1/plugins/com.st.stm32cube.ide.mcu.externaltools.gnu-tools-for-stm32.14.3.rel1.linux64_1.0.100.202602081740/tools/bin/../lib/gcc/arm-none-eabi/14.3.1/../../../../arm-none-eabi/lib/thumb/v7e-m+fp/hard/crt0.o (memset)
/opt/st/stm32cubeide_2.1.1/plugins/com.st.stm32cube.ide.mcu.externaltools.gnu-tools-for-stm32.14.3.rel1.linux64_1.0.100.202602081740/tools/bin/../lib/gcc/arm-none-eabi/14.3.1/../../../../arm-none-eabi/lib/thumb/v7e-m+fp/hard/libc_nano.a(libc_a-strstr.o)
                              ./Core/Src/main.o (strstr)
/opt/st/stm32cubeide_2.1.1/plugins/com.st.stm32cube.ide.mcu.externaltools.gnu-tools-for-stm32.14.3.rel1.linux64_1.0.100.202602081740/tools/bin/../lib/gcc/arm-none-eabi/14.3.1/../../../../arm-none-eabi/lib/thumb/v7e-m+fp/hard/libc_nano.a(libc_a-closer.o)
                              /opt/st/stm32cubeide_2.1.1/plugins/com.st.stm32cube.ide.mcu.externaltools.gnu-tools-for-stm32.14.3.rel1.linux64_1.0.100.202602081740/tools/bin/../lib/gcc/arm-none-eabi/14.3.1/../../../../arm-none-eabi/lib/thumb/v7e-m+fp/hard/libc_nano.a(libc_a-stdio.o) (_close_r)
/opt/st/stm32cubeide_2.1.1/plugins/com.st.stm32cube.ide.mcu.externaltools.gnu-tools-for-stm32.14.3.rel1.linux64_1.0.100.202602081740/tools/bin/../lib/gcc/arm-none-eabi/14.3.1/../../../../arm-none-eabi/lib/thumb/v7e-m+fp/hard/libc_nano.a(libc_a-reent.o)
                              /opt/st/stm32cubeide_2.1.1/plugins/com.st.stm32cube.ide.mcu.externaltools.gnu-tools-for-stm32.14.3.rel1.linux64_1.0.100.202602081740/tools/bin/../lib/gcc/arm-none-eabi/14.3.1/../../../../arm-none-eabi/lib/thumb/v7e-m+fp/hard/libc_nano.a(libc_a-closer.o) (errno)
/opt/st/stm32cubeide_2.1.1/plugins/com.st.stm32cube.ide.mcu.externaltools.gnu-tools-for-stm32.14.3.rel1.linux64_1.0.100.202602081740/tools/bin/../lib/gcc/arm-none-eabi/14.3.1/../../../../arm-none-eabi/lib/thumb/v7e-m+fp/hard/libc_nano.a(libc_a-impure.o)
[...]
Memory Configuration

Name             Origin             Length             Attributes
CCMRAM           0x10000000         0x00010000         xrw
RAM              0x20000000         0x00020000         xrw
FLASH            0x08000000         0x00100000         xr
*default*        0x00000000         0xffffffff

Linker script and memory map

LOAD /opt/st/stm32cubeide_2.1.1/plugins/com.st.stm32cube.ide.mcu.externaltools.gnu-tools-for-stm32.14.3.rel1.linux64_1.0.100.202602081740/tools/bin/../lib/gcc/arm-none-eabi/14.3.1/thumb/v7e-m+fp/hard/crti.o
LOAD /opt/st/stm32cubeide_2.1.1/plugins/com.st.stm32cube.ide.mcu.externaltools.gnu-tools-for-stm32.14.3.rel1.linux64_1.0.100.202602081740/tools/bin/../lib/gcc/arm-none-eabi/14.3.1/thumb/v7e-m+fp/hard/crtbegin.o
LOAD /opt/st/stm32cubeide_2.1.1/plugins/com.st.stm32cube.ide.mcu.externaltools.gnu-tools-for-stm32.14.3.rel1.linux64_1.0.100.202602081740/tools/bin/../lib/gcc/arm-none-eabi/14.3.1/../../../../arm-none-eabi/lib/thumb/v7e-m+fp/hard/crt0.o
LOAD ./Core/Src/ILI9341.o
LOAD ./Core/Src/LOGO.o
LOAD ./Core/Src/bno055.o
LOAD ./Core/Src/main.o
LOAD ./Core/Src/pca9685.o
LOAD ./Core/Src/stm32f4xx_hal_msp.o
LOAD ./Core/Src/stm32f4xx_it.o
LOAD ./Core/Src/syscalls.o
LOAD ./Core/Src/sysmem.o
LOAD ./Core/Src/system_stm32f4xx.o
LOAD ./Core/Startup/startup_stm32f407vgtx.o
LOAD ./Drivers/STM32F4xx_HAL_Driver/Src/stm32f4xx_hal.o
LOAD ./Drivers/STM32F4xx_HAL_Driver/Src/stm32f4xx_hal_adc.o
LOAD ./Drivers/STM32F4xx_HAL_Driver/Src/stm32f4xx_hal_adc_ex.o
LOAD ./Drivers/STM32F4xx_HAL_Driver/Src/stm32f4xx_hal_can.o
LOAD ./Drivers/STM32F4xx_HAL_Driver/Src/stm32f4xx_hal_cortex.o
LOAD ./Drivers/STM32F4xx_HAL_Driver/Src/stm32f4xx_hal_dma.o
LOAD ./Drivers/STM32F4xx_HAL_Driver/Src/stm32f4xx_hal_dma_ex.o
LOAD ./Drivers/STM32F4xx_HAL_Driver/Src/stm32f4xx_hal_exti.o
LOAD ./Drivers/STM32F4xx_HAL_Driver/Src/stm32f4xx_hal_flash.o
LOAD ./Drivers/STM32F4xx_HAL_Driver/Src/stm32f4xx_hal_flash_ex.o
LOAD ./Drivers/STM32F4xx_HAL_Driver/Src/stm32f4xx_hal_flash_ramfunc.o
LOAD ./Drivers/STM32F4xx_HAL_Driver/Src/stm32f4xx_hal_gpio.o
LOAD ./Drivers/STM32F4xx_HAL_Driver/Src/stm32f4xx_hal_i2c.o
LOAD ./Drivers/STM32F4xx_HAL_Driver/Src/stm32f4xx_hal_i2c_ex.o
LOAD ./Drivers/STM32F4xx_HAL_Driver/Src/stm32f4xx_hal_pcd.o
LOAD ./Drivers/STM32F4xx_HAL_Driver/Src/stm32f4xx_hal_pcd_ex.o
LOAD ./Drivers/STM32F4xx_HAL_Driver/Src/stm32f4xx_hal_pwr.o
LOAD ./Drivers/STM32F4xx_HAL_Driver/Src/stm32f4xx_hal_pwr_ex.o
LOAD ./Drivers/STM32F4xx_HAL_Driver/Src/stm32f4xx_hal_rcc.o
LOAD ./Drivers/STM32F4xx_HAL_Driver/Src/stm32f4xx_hal_rcc_ex.o
LOAD ./Drivers/STM32F4xx_HAL_Driver/Src/stm32f4xx_hal_spi.o
LOAD ./Drivers/STM32F4xx_HAL_Driver/Src/stm32f4xx_hal_tim.o
LOAD ./Drivers/STM32F4xx_HAL_Driver/Src/stm32f4xx_hal_tim_ex.o
LOAD ./Drivers/STM32F4xx_HAL_Driver/Src/stm32f4xx_hal_uart.o
LOAD ./Drivers/STM32F4xx_HAL_Driver/Src/stm32f4xx_ll_adc.o
LOAD ./Drivers/STM32F4xx_HAL_Driver/Src/stm32f4xx_ll_usb.o
LOAD ./Middlewares/ST/STM32_USB_Device_Library/Class/CDC/Src/usbd_cdc.o
LOAD ./Middlewares/ST/STM32_USB_Device_Library/Core/Src/usbd_core.o
LOAD ./Middlewares/ST/STM32_USB_Device_Library/Core/Src/usbd_ctlreq.o
LOAD ./Middlewares/ST/STM32_USB_Device_Library/Core/Src/usbd_ioreq.o
LOAD ./USB_DEVICE/App/usb_device.o
LOAD ./USB_DEVICE/App/usbd_cdc_if.o
LOAD ./USB_DEVICE/App/usbd_desc.o
LOAD ./USB_DEVICE/Target/usbd_conf.o
START GROUP
LOAD /opt/st/stm32cubeide_2.1.1/plugins/com.st.stm32cube.ide.mcu.externaltools.gnu-tools-for-stm32.14.3.rel1.linux64_1.0.100.202602081740/tools/bin/../lib/gcc/arm-none-eabi/14.3.1/../../../../arm-none-eabi/lib/thumb/v7e-m+fp/hard/libc_nano.a
LOAD /opt/st/stm32cubeide_2.1.1/plugins/com.st.stm32cube.ide.mcu.externaltools.gnu-tools-for-stm32.14.3.rel1.linux64_1.0.100.202602081740/tools/bin/../lib/gcc/arm-none-eabi/14.3.1/../../../../arm-none-eabi/lib/thumb/v7e-m+fp/hard/libm.a
END GROUP
START GROUP
LOAD /opt/st/stm32cubeide_2.1.1/plugins/com.st.stm32cube.ide.mcu.externaltools.gnu-tools-for-stm32.14.3.rel1.linux64_1.0.100.202602081740/tools/bin/../lib/gcc/arm-none-eabi/14.3.1/thumb/v7e-m+fp/hard/libgcc.a
LOAD /opt/st/stm32cubeide_2.1.1/plugins/com.st.stm32cube.ide.mcu.externaltools.gnu-tools-for-stm32.14.3.rel1.linux64_1.0.100.202602081740/tools/bin/../lib/gcc/arm-none-eabi/14.3.1/../../../../arm-none-eabi/lib/thumb/v7e-m+fp/hard/libc_nano.a
END GROUP
START GROUP
LOAD /opt/st/stm32cubeide_2.1.1/plugins/com.st.stm32cube.ide.mcu.externaltools.gnu-tools-for-stm32.14.3.rel1.linux64_1.0.100.202602081740/tools/bin/../lib/gcc/arm-none-eabi/14.3.1/thumb/v7e-m+fp/hard/libgcc.a
LOAD /opt/st/stm32cubeide_2.1.1/plugins/com.st.stm32cube.ide.mcu.externaltools.gnu-tools-for-stm32.14.3.rel1.linux64_1.0.100.202602081740/tools/bin/../lib/gcc/arm-none-eabi/14.3.1/../../../../arm-none-eabi/lib/thumb/v7e-m+fp/hard/libc_nano.a
LOAD /opt/st/stm32cubeide_2.1.1/plugins/com.st.stm32cube.ide.mcu.externaltools.gnu-tools-for-stm32.14.3.rel1.linux64_1.0.100.202602081740/tools/bin/../lib/gcc/arm-none-eabi/14.3.1/../../../../arm-none-eabi/lib/thumb/v7e-m+fp/hard/libnosys.a
END GROUP
START GROUP
LOAD /opt/st/stm32cubeide_2.1.1/plugins/com.st.stm32cube.ide.mcu.externaltools.gnu-tools-for-stm32.14.3.rel1.linux64_1.0.100.202602081740/tools/bin/../lib/gcc/arm-none-eabi/14.3.1/thumb/v7e-m+fp/hard/libgcc.a
LOAD /opt/st/stm32cubeide_2.1.1/plugins/com.st.stm32cube.ide.mcu.externaltools.gnu-tools-for-stm32.14.3.rel1.linux64_1.0.100.202602081740/tools/bin/../lib/gcc/arm-none-eabi/14.3.1/../../../../arm-none-eabi/lib/thumb/v7e-m+fp/hard/libc_nano.a
LOAD /opt/st/stm32cubeide_2.1.1/plugins/com.st.stm32cube.ide.mcu.externaltools.gnu-tools-for-stm32.14.3.rel1.linux64_1.0.100.202602081740/tools/bin/../lib/gcc/arm-none-eabi/14.3.1/../../../../arm-none-eabi/lib/thumb/v7e-m+fp/hard/libnosys.a
END GROUP
LOAD /opt/st/stm32cubeide_2.1.1/plugins/com.st.stm32cube.ide.mcu.externaltools.gnu-tools-for-stm32.14.3.rel1.linux64_1.0.100.202602081740/tools/bin/../lib/gcc/arm-none-eabi/14.3.1/thumb/v7e-m+fp/hard/crtend.o
LOAD /opt/st/stm32cubeide_2.1.1/plugins/com.st.stm32cube.ide.mcu.externaltools.gnu-tools-for-stm32.14.3.rel1.linux64_1.0.100.202602081740/tools/bin/../lib/gcc/arm-none-eabi/14.3.1/thumb/v7e-m+fp/hard/crtn.o
                0x20020000                        _estack = (ORIGIN (RAM) + LENGTH (RAM))
                0x00000200                        _Min_Heap_Size = 0x200
                0x00000400                        _Min_Stack_Size = 0x400

.isr_vector     0x08000000      0x188
                0x08000000                        . = ALIGN (0x4)
 *(.isr_vector)
 .isr_vector    0x08000000      0x188 ./Core/Startup/startup_stm32f407vgtx.o
                0x08000000                g_pfnVectors
                0x08000188                        . = ALIGN (0x4)

.text           0x08000188     0xfe00
                0x08000188                        . = ALIGN (0x4)
 *(.text)
 .text          0x08000188       0x40 /opt/st/stm32cubeide_2.1.1/plugins/com.st.stm32cube.ide.mcu.externaltools.gnu-tools-for-stm32.14.3.rel1.linux64_1.0.100.202602081740/tools/bin/../lib/gcc/arm-none-eabi/14.3.1/thumb/v7e-m+fp/hard/crtbegin.o
 .text          0x080001c8      0x378 /opt/st/stm32cubeide_2.1.1/plugins/com.st.stm32cube.ide.mcu.externaltools.gnu-tools-for-stm32.14.3.rel1.linux64_1.0.100.202602081740/tools/bin/../lib/gcc/arm-none-eabi/14.3.1/thumb/v7e-m+fp/hard/libgcc.a(_arm_addsubdf3.o)
                0x080001c8                __aeabi_drsub
                0x080001d0                __aeabi_dsub
                0x080001d0                __subdf3
                0x080001d4                __adddf3
                0x080001d4                __aeabi_dadd
                0x0800044c                __aeabi_ui2d
                0x0800044c                __floatunsidf
                0x0800046c                __floatsidf
                0x0800046c                __aeabi_i2d
                0x08000490                __extendsfdf2
                0x08000490                __aeabi_f2d
                0x080004d4                __aeabi_ul2d
                0x080004d4                __floatundidf
                0x080004e4                __floatdidf
                0x080004e4                __aeabi_l2d
 .text          0x08000540      0x424 /opt/st/stm32cubeide_2.1.1/plugins/com.st.stm32cube.ide.mcu.externaltools.gnu-tools-for-stm32.14.3.rel1.linux64_1.0.100.202602081740/tools/bin/../lib/gcc/arm-none-eabi/14.3.1/thumb/v7e-m+fp/hard/libgcc.a(_arm_muldivdf3.o)
                0x08000540                __aeabi_dmul
                0x08000540                __muldf3
                0x08000794                __aeabi_ddiv
                0x08000794                __divdf3
 .text          0x08000964      0x110 /opt/st/stm32cubeide_2.1.1/plugins/com.st.stm32cube.ide.mcu.externaltools.gnu-tools-for-stm32.14.3.rel1.linux64_1.0.100.202602081740/tools/bin/../lib/gcc/arm-none-eabi/14.3.1/thumb/v7e-m+fp/hard/libgcc.a(_arm_cmpdf2.o)
                0x08000964                __gtdf2
                0x08000964                __gedf2
                0x0800096c                __ltdf2
                0x0800096c                __ledf2
                0x08000974                __cmpdf2
                0x08000974                __eqdf2
                0x08000974                __nedf2
                0x080009f0                __aeabi_cdrcmple
                0x08000a00                __aeabi_cdcmple
                0x08000a00                __aeabi_cdcmpeq
                0x08000a10                __aeabi_dcmpeq
                0x08000a24                __aeabi_dcmplt
                0x08000a38                __aeabi_dcmple
                0x08000a4c                __aeabi_dcmpge
                0x08000a60                __aeabi_dcmpgt
 .text          0x08000a74       0x50 /opt/st/stm32cubeide_2.1.1/plugins/com.st.stm32cube.ide.mcu.externaltools.gnu-tools-for-stm32.14.3.rel1.linux64_1.0.100.202602081740/tools/bin/../lib/gcc/arm-none-eabi/14.3.1/thumb/v7e-m+fp/hard/libgcc.a(_arm_fixdfsi.o)
                0x08000a74                __fixdfsi
                0x08000a74                __aeabi_d2iz
 .text          0x08000ac4       0x40 /opt/st/stm32cubeide_2.1.1/plugins/com.st.stm32cube.ide.mcu.externaltools.gnu-tools-for-stm32.14.3.rel1.linux64_1.0.100.202602081740/tools/bin/../lib/gcc/arm-none-eabi/14.3.1/thumb/v7e-m+fp/hard/libgcc.a(_arm_fixunsdfsi.o)
                0x08000ac4                __fixunsdfsi
                0x08000ac4                __aeabi_d2uiz
 .text          0x08000b04       0xa0 /opt/st/stm32cubeide_2.1.1/plugins/com.st.stm32cube.ide.mcu.externaltools.gnu-tools-for-stm32.14.3.rel1.linux64_1.0.100.202602081740/tools/bin/../lib/gcc/arm-none-eabi/14.3.1/thumb/v7e-m+fp/hard/libgcc.a(_arm_truncdfsf2.o)
                0x08000b04                __aeabi_d2f
                0x08000b04                __truncdfsf2
 .text          0x08000ba4       0x30 /opt/st/stm32cubeide_2.1.1/plugins/com.st.stm32cube.ide.mcu.externaltools.gnu-tools-for-stm32.14.3.rel1.linux64_1.0.100.202602081740/tools/bin/../lib/gcc/arm-none-eabi/14.3.1/thumb/v7e-m+fp/hard/libgcc.a(_aeabi_uldivmod.o)
                0x08000ba4                __aeabi_uldivmod
 .text          0x08000bd4      0x2f8 /opt/st/stm32cubeide_2.1.1/plugins/com.st.stm32cube.ide.mcu.externaltools.gnu-tools-for-stm32.14.3.rel1.linux64_1.0.100.202602081740/tools/bin/../lib/gcc/arm-none-eabi/14.3.1/thumb/v7e-m+fp/hard/libgcc.a(_udivmoddi4.o)
                0x08000bd4                __udivmoddi4
 .text          0x08000ecc        0x4 /opt/st/stm32cubeide_2.1.1/plugins/com.st.stm32cube.ide.mcu.externaltools.gnu-tools-for-stm32.14.3.rel1.linux64_1.0.100.202602081740/tools/bin/../lib/gcc/arm-none-eabi/14.3.1/thumb/v7e-m+fp/hard/libgcc.a(_dvmd_tls.o)
                0x08000ecc                __aeabi_ldiv0
                0x08000ecc                __aeabi_idiv0
 *(.text*)
 .text.ILI9341_WriteCmd
                0x08000ed0       0x50 ./Core/Src/ILI9341.o
 .text.ILI9341_WriteData
                0x08000f20       0x4c ./Core/Src/ILI9341.o
 .text.ILI9341_SetWindow
                0x08000f6c       0x90 ./Core/Src/ILI9341.o
 .text.ILI9341_Init
                0x08000ffc      0x288 ./Core/Src/ILI9341.o
                0x08000ffc                ILI9341_Init
 .text.ILI9341_DrawRect
                0x08001284       0x88 ./Core/Src/ILI9341.o
                0x08001284                ILI9341_DrawRect
 .text.ILI9341_FillRect
                0x0800130c      0x12c ./Core/Src/ILI9341.o
                0x0800130c                ILI9341_FillRect
 .text.LCD_DrawChar
                0x08001438       0xac ./Core/Src/ILI9341.o
                0x08001438                LCD_DrawChar
 .text.LCD_PrintString
                0x080014e4       0x3c ./Core/Src/ILI9341.o
                0x080014e4                LCD_PrintString
 .text.bno055_setPage
                0x08001520       0x1c ./Core/Src/bno055.o
                0x08001520                bno055_setPage
 .text.bno055_setOperationMode
                0x0800153c       0x30 ./Core/Src/bno055.o
                0x0800153c                bno055_setOperationMode
 .text.bno055_setOperationModeConfig
                0x0800156c        0xe ./Core/Src/bno055.o
                0x0800156c                bno055_setOperationModeConfig
 .text.bno055_setOperationModeNDOF
                0x0800157a        0xe ./Core/Src/bno055.o
                0x0800157a                bno055_setOperationModeNDOF
 .text.bno055_reset
                0x08001588       0x18 ./Core/Src/bno055.o
                0x08001588                bno055_reset
 .text.bno055_setup
                0x080015a0       0x3a ./Core/Src/bno055.o
                0x080015a0                bno055_setup
 *fill*         0x080015da        0x2 
 .text.bno055_assignI2C
                0x080015dc       0x20 ./Core/Src/main.o
                0x080015dc                bno055_assignI2C
 .text.bno055_delay
                0x080015fc       0x18 ./Core/Src/main.o
                0x080015fc                bno055_delay
 .text.bno055_writeData
                0x08001614       0x40 ./Core/Src/main.o
                0x08001614                bno055_writeData
 .text.bno055_readData
                0x08001654       0x44 ./Core/Src/main.o
                0x08001654                bno055_readData
 .text.Channel  0x08001698       0x6c ./Core/Src/main.o
                0x08001698                Channel
 .text.HAL_ADC_ConvCpltCallback
                0x08001704       0x70 ./Core/Src/main.o
                0x08001704                HAL_ADC_ConvCpltCallback
 .text.Chuan_hoa
                0x08001774       0x68 ./Core/Src/main.o
                0x08001774                Chuan_hoa
 *fill*         0x080017dc        0x4 
 .text.HAL_TIM_PeriodElapsedCallback
                0x080017e0      0x614 ./Core/Src/main.o
                0x080017e0                HAL_TIM_PeriodElapsedCallback
 .text.I2C1_Scan
                0x08001df4       0x8c ./Core/Src/main.o
                0x08001df4                I2C1_Scan
 .text.HAL_UART_RxCpltCallback
                0x08001e80       0xc8 ./Core/Src/main.o
                0x08001e80                HAL_UART_RxCpltCallback
 .text.main     0x08001f48      0x1b4 ./Core/Src/main.o
                0x08001f48                main
 .text.SystemClock_Config
                0x080020fc       0xd4 ./Core/Src/main.o
                0x080020fc                SystemClock_Config
 .text.MX_ADC1_Init
                0x080021d0       0xa4 ./Core/Src/main.o
 .text.MX_CAN1_Init
                0x08002274       0x6c ./Core/Src/main.o
 .text.MX_I2C1_Init
                0x080022e0       0x5c ./Core/Src/main.o
 .text.MX_I2C2_Init
                0x0800233c       0x5c ./Core/Src/main.o
 .text.MX_SPI1_Init
                0x08002398       0x6c ./Core/Src/main.o
 .text.MX_TIM1_Init
                0x08002404       0xa0 ./Core/Src/main.o
 .text.MX_TIM2_Init
                0x080024a4       0xa8 ./Core/Src/main.o
 .text.MX_TIM3_Init
                0x0800254c       0xa8 ./Core/Src/main.o
 .text.MX_TIM4_Init
                0x080025f4       0xa8 ./Core/Src/main.o
 .text.MX_TIM8_Init
                0x0800269c       0xa4 ./Core/Src/main.o
 .text.MX_TIM9_Init
                0x08002740       0x8c ./Core/Src/main.o
 .text.MX_TIM12_Init
                0x080027cc       0xa0 ./Core/Src/main.o
 .text.MX_USART1_UART_Init
                0x0800286c       0x54 ./Core/Src/main.o
 .text.MX_USART2_UART_Init
                0x080028c0       0x54 ./Core/Src/main.o
 .text.MX_USART3_UART_Init
                0x08002914       0x54 ./Core/Src/main.o
 .text.MX_DMA_Init
                0x08002968       0x6c ./Core/Src/main.o
 .text.MX_GPIO_Init
                0x080029d4      0x214 ./Core/Src/main.o
 .text.HAL_UART_ErrorCallback
                0x08002be8       0x78 ./Core/Src/main.o
                0x08002be8                HAL_UART_ErrorCallback
 .text.Error_Handler
                0x08002c60        0xc ./Core/Src/main.o
                0x08002c60                Error_Handler
 .text.PCA9685_Write8
                0x08002c6c       0x40 ./Core/Src/pca9685.o
 .text.PCA9685_Read8
                0x08002cac       0x44 ./Core/Src/pca9685.o
 .text.PCA9685_Init
                0x08002cf0       0x24 ./Core/Src/pca9685.o
                0x08002cf0                PCA9685_Init
 .text.PCA9685_Reset
                0x08002d14       0x20 ./Core/Src/pca9685.o
                0x08002d14                PCA9685_Reset
 *fill*         0x08002d34        0x4 
 .text.PCA9685_SetPWMFreq
                0x08002d38      0x104 ./Core/Src/pca9685.o
                0x08002d38                PCA9685_SetPWMFreq
 .text.HAL_MspInit
                0x08002e3c       0x50 ./Core/Src/stm32f4xx_hal_msp.o
                0x08002e3c                HAL_MspInit
 .text.HAL_ADC_MspInit
                0x08002e8c       0xec ./Core/Src/stm32f4xx_hal_msp.o
                0x08002e8c                HAL_ADC_MspInit
 .text.HAL_CAN_MspInit
                0x08002f78       0x90 ./Core/Src/stm32f4xx_hal_msp.o
                0x08002f78                HAL_CAN_MspInit
 .text.HAL_I2C_MspInit
                0x08003008       0xf8 ./Core/Src/stm32f4xx_hal_msp.o
                0x08003008                HAL_I2C_MspInit
 .text.HAL_SPI_MspInit
                0x08003100       0x90 ./Core/Src/stm32f4xx_hal_msp.o
                0x08003100                HAL_SPI_MspInit
 .text.HAL_TIM_Base_MspInit
                0x08003190       0x8c ./Core/Src/stm32f4xx_hal_msp.o
                0x08003190                HAL_TIM_Base_MspInit
 .text.HAL_TIM_Encoder_MspInit
                0x0800321c      0x1a8 ./Core/Src/stm32f4xx_hal_msp.o
                0x0800321c                HAL_TIM_Encoder_MspInit
 .text.HAL_TIM_PWM_MspInit
                0x080033c4       0x70 ./Core/Src/stm32f4xx_hal_msp.o
                0x080033c4                HAL_TIM_PWM_MspInit
 .text.HAL_TIM_MspPostInit
                0x08003434       0xc4 ./Core/Src/stm32f4xx_hal_msp.o
                0x08003434                HAL_TIM_MspPostInit
 .text.HAL_UART_MspInit
                0x080034f8      0x1dc ./Core/Src/stm32f4xx_hal_msp.o
                0x080034f8                HAL_UART_MspInit
 .text.NMI_Handler
                0x080036d4        0x8 ./Core/Src/stm32f4xx_it.o
                0x080036d4                NMI_Handler
 .text.HardFault_Handler
                0x080036dc        0x8 ./Core/Src/stm32f4xx_it.o
                0x080036dc                HardFault_Handler
 .text.MemManage_Handler
                0x080036e4        0x8 ./Core/Src/stm32f4xx_it.o
                0x080036e4                MemManage_Handler
 .text.BusFault_Handler
                0x080036ec        0x8 ./Core/Src/stm32f4xx_it.o
                0x080036ec                BusFault_Handler
 .text.UsageFault_Handler
                0x080036f4        0x8 ./Core/Src/stm32f4xx_it.o
                0x080036f4                UsageFault_Handler
 .text.SVC_Handler
                0x080036fc        0xe ./Core/Src/stm32f4xx_it.o
                0x080036fc                SVC_Handler
 .text.DebugMon_Handler
                0x0800370a        0xe ./Core/Src/stm32f4xx_it.o
                0x0800370a                DebugMon_Handler
 .text.PendSV_Handler
                0x08003718        0xe ./Core/Src/stm32f4xx_it.o
                0x08003718                PendSV_Handler
 .text.SysTick_Handler
                0x08003726        0xc ./Core/Src/stm32f4xx_it.o
                0x08003726                SysTick_Handler
 *fill*         0x08003732        0x2 
 .text.DMA1_Stream1_IRQHandler
                0x08003734       0x14 ./Core/Src/stm32f4xx_it.o
                0x08003734                DMA1_Stream1_IRQHandler
 .text.TIM1_UP_TIM10_IRQHandler
                0x08003748       0x14 ./Core/Src/stm32f4xx_it.o
                0x08003748                TIM1_UP_TIM10_IRQHandler
 .text.USART3_IRQHandler
                0x0800375c       0x14 ./Core/Src/stm32f4xx_it.o
                0x0800375c                USART3_IRQHandler
 .text.TIM8_UP_TIM13_IRQHandler
                0x08003770       0x14 ./Core/Src/stm32f4xx_it.o
                0x08003770                TIM8_UP_TIM13_IRQHandler
 .text.DMA2_Stream0_IRQHandler
                0x08003784       0x14 ./Core/Src/stm32f4xx_it.o
                0x08003784                DMA2_Stream0_IRQHandler
 .text.OTG_FS_IRQHandler
                0x08003798       0x14 ./Core/Src/stm32f4xx_it.o
                0x08003798                OTG_FS_IRQHandler
 .text.SystemInit
                0x080037ac       0x24 ./Core/Src/system_stm32f4xx.o
                0x080037ac                SystemInit
 .text.Reset_Handler
                0x080037d0       0x50 ./Core/Startup/startup_stm32f407vgtx.o
                0x080037d0                Reset_Handler
 .text.Default_Handler
                0x08003820        0x2 ./Core/Startup/startup_stm32f407vgtx.o
                0x08003820                RTC_Alarm_IRQHandler
                0x08003820                HASH_RNG_IRQHandler
                0x08003820                EXTI2_IRQHandler
                0x08003820                TIM8_CC_IRQHandler
                0x08003820                TIM1_CC_IRQHandler
                0x08003820                DMA2_Stream5_IRQHandler
                0x08003820                DMA1_Stream5_IRQHandler
                0x08003820                PVD_IRQHandler
                0x08003820                SDIO_IRQHandler
                0x08003820                TAMP_STAMP_IRQHandler
                0x08003820                CAN2_RX1_IRQHandler
                0x08003820                EXTI3_IRQHandler
                0x08003820                TIM8_TRG_COM_TIM14_IRQHandler
                0x08003820                I2C3_ER_IRQHandler
                0x08003820                EXTI0_IRQHandler
                0x08003820                I2C2_EV_IRQHandler
                0x08003820                DMA1_Stream2_IRQHandler
                0x08003820                CAN1_RX0_IRQHandler
                0x08003820                FPU_IRQHandler
                0x08003820                OTG_HS_WKUP_IRQHandler
                0x08003820                CAN2_SCE_IRQHandler
                0x08003820                DMA2_Stream2_IRQHandler
                0x08003820                SPI1_IRQHandler
                0x08003820                TIM6_DAC_IRQHandler
                0x08003820                TIM1_BRK_TIM9_IRQHandler
                0x08003820                DCMI_IRQHandler
                0x08003820                CAN2_RX0_IRQHandler
                0x08003820                DMA2_Stream3_IRQHandler
                0x08003820                USART6_IRQHandler
                0x08003820                CAN1_RX1_IRQHandler
                0x08003820                UART5_IRQHandler
                0x08003820                TIM4_IRQHandler
                0x08003820                I2C1_EV_IRQHandler
                0x08003820                DMA1_Stream6_IRQHandler
                0x08003820                UART4_IRQHandler
                0x08003820                TIM3_IRQHandler
                0x08003820                RCC_IRQHandler
                0x08003820                TIM8_BRK_TIM12_IRQHandler
                0x08003820                Default_Handler
                0x08003820                EXTI15_10_IRQHandler
                0x08003820                ADC_IRQHandler
                0x08003820                DMA1_Stream7_IRQHandler
                0x08003820                TIM7_IRQHandler
                0x08003820                CAN2_TX_IRQHandler
                0x08003820                TIM5_IRQHandler
                0x08003820                DMA2_Stream7_IRQHandler
                0x08003820                I2C3_EV_IRQHandler
                0x08003820                EXTI9_5_IRQHandler
                0x08003820                RTC_WKUP_IRQHandler
                0x08003820                ETH_WKUP_IRQHandler
                0x08003820                SPI2_IRQHandler
                0x08003820                OTG_HS_EP1_IN_IRQHandler
                0x08003820                DMA1_Stream0_IRQHandler
                0x08003820                CAN1_TX_IRQHandler
                0x08003820                EXTI4_IRQHandler
                0x08003820                FSMC_IRQHandler
                0x08003820                ETH_IRQHandler
                0x08003820                OTG_HS_EP1_OUT_IRQHandler
                0x08003820                WWDG_IRQHandler
                0x08003820                TIM2_IRQHandler
                0x08003820                OTG_FS_WKUP_IRQHandler
                0x08003820                TIM1_TRG_COM_TIM11_IRQHandler
                0x08003820                OTG_HS_IRQHandler
                0x08003820                EXTI1_IRQHandler
                0x08003820                USART2_IRQHandler
                0x08003820                I2C2_ER_IRQHandler
                0x08003820                DMA2_Stream1_IRQHandler
                0x08003820                CAN1_SCE_IRQHandler
                0x08003820                FLASH_IRQHandler
                0x08003820                DMA2_Stream4_IRQHandler
                0x08003820                USART1_IRQHandler
                0x08003820                SPI3_IRQHandler
                0x08003820                DMA1_Stream4_IRQHandler
                0x08003820                I2C1_ER_IRQHandler
                0x08003820                DMA2_Stream6_IRQHandler
                0x08003820                DMA1_Stream3_IRQHandler
 *fill*         0x08003822        0x2 
 .text.HAL_Init
                0x08003824       0x44 ./Drivers/STM32F4xx_HAL_Driver/Src/stm32f4xx_hal.o
                0x08003824                HAL_Init
 .text.HAL_InitTick
                0x08003868       0x60 ./Drivers/STM32F4xx_HAL_Driver/Src/stm32f4xx_hal.o
                0x08003868                HAL_InitTick
 .text.HAL_IncTick
                0x080038c8       0x28 ./Drivers/STM32F4xx_HAL_Driver/Src/stm32f4xx_hal.o
                0x080038c8                HAL_IncTick
 .text.HAL_GetTick
                0x080038f0       0x18 ./Drivers/STM32F4xx_HAL_Driver/Src/stm32f4xx_hal.o
                0x080038f0                HAL_GetTick
 .text.HAL_Delay
                0x08003908       0x48 ./Drivers/STM32F4xx_HAL_Driver/Src/stm32f4xx_hal.o
                0x08003908                HAL_Delay
 .text.HAL_ADC_Init
                0x08003950       0x86 ./Drivers/STM32F4xx_HAL_Driver/Src/stm32f4xx_hal_adc.o
                0x08003950                HAL_ADC_Init
 *fill*         0x080039d6        0x2 
 .text.HAL_ADC_Start_DMA
                0x080039d8      0x228 ./Drivers/STM32F4xx_HAL_Driver/Src/stm32f4xx_hal_adc.o
                0x080039d8                HAL_ADC_Start_DMA
 .text.HAL_ADC_ConvHalfCpltCallback
                0x08003c00       0x14 ./Drivers/STM32F4xx_HAL_Driver/Src/stm32f4xx_hal_adc.o
                0x08003c00                HAL_ADC_ConvHalfCpltCallback
 .text.HAL_ADC_ErrorCallback
                0x08003c14       0x14 ./Drivers/STM32F4xx_HAL_Driver/Src/stm32f4xx_hal_adc.o
                0x08003c14                HAL_ADC_ErrorCallback
 .text.HAL_ADC_ConfigChannel
                0x08003c28      0x244 ./Drivers/STM32F4xx_HAL_Driver/Src/stm32f4xx_hal_adc.o
                0x08003c28                HAL_ADC_ConfigChannel
 .text.ADC_Init
                0x08003e6c      0x1f8 ./Drivers/STM32F4xx_HAL_Driver/Src/stm32f4xx_hal_adc.o
 .text.ADC_DMAConvCplt
                0x08004064       0xba ./Drivers/STM32F4xx_HAL_Driver/Src/stm32f4xx_hal_adc.o
 .text.ADC_DMAHalfConvCplt
                0x0800411e       0x1c ./Drivers/STM32F4xx_HAL_Driver/Src/stm32f4xx_hal_adc.o
 .text.ADC_DMAError
                0x0800413a       0x2e ./Drivers/STM32F4xx_HAL_Driver/Src/stm32f4xx_hal_adc.o
 .text.HAL_CAN_Init
                0x08004168      0x1f6 ./Drivers/STM32F4xx_HAL_Driver/Src/stm32f4xx_hal_can.o
                0x08004168                HAL_CAN_Init
 .text.HAL_CAN_Start
                0x0800435e       0x88 ./Drivers/STM32F4xx_HAL_Driver/Src/stm32f4xx_hal_can.o
                0x0800435e                HAL_CAN_Start
 .text.HAL_CAN_AddTxMessage
                0x080043e6      0x1a0 ./Drivers/STM32F4xx_HAL_Driver/Src/stm32f4xx_hal_can.o
                0x080043e6                HAL_CAN_AddTxMessage
 *fill*         0x08004586        0x2 
 .text.__NVIC_SetPriorityGrouping
                0x08004588       0x48 ./Drivers/STM32F4xx_HAL_Driver/Src/stm32f4xx_hal_cortex.o
 .text.__NVIC_GetPriorityGrouping
                0x080045d0       0x1c ./Drivers/STM32F4xx_HAL_Driver/Src/stm32f4xx_hal_cortex.o
 .text.__NVIC_EnableIRQ
                0x080045ec       0x3c ./Drivers/STM32F4xx_HAL_Driver/Src/stm32f4xx_hal_cortex.o
 .text.__NVIC_SetPriority
                0x08004628       0x54 ./Drivers/STM32F4xx_HAL_Driver/Src/stm32f4xx_hal_cortex.o
 .text.NVIC_EncodePriority
                0x0800467c       0x66 ./Drivers/STM32F4xx_HAL_Driver/Src/stm32f4xx_hal_cortex.o
 *fill*         0x080046e2        0x2 
 .text.SysTick_Config
                0x080046e4       0x44 ./Drivers/STM32F4xx_HAL_Driver/Src/stm32f4xx_hal_cortex.o
 .text.HAL_NVIC_SetPriorityGrouping
                0x08004728       0x16 ./Drivers/STM32F4xx_HAL_Driver/Src/stm32f4xx_hal_cortex.o
                0x08004728                HAL_NVIC_SetPriorityGrouping
 .text.HAL_NVIC_SetPriority
                0x0800473e       0x38 ./Drivers/STM32F4xx_HAL_Driver/Src/stm32f4xx_hal_cortex.o
                0x0800473e                HAL_NVIC_SetPriority
 .text.HAL_NVIC_EnableIRQ
                0x08004776       0x1c ./Drivers/STM32F4xx_HAL_Driver/Src/stm32f4xx_hal_cortex.o
                0x08004776                HAL_NVIC_EnableIRQ
 .text.HAL_SYSTICK_Config
                0x08004792       0x18 ./Drivers/STM32F4xx_HAL_Driver/Src/stm32f4xx_hal_cortex.o
                0x08004792                HAL_SYSTICK_Config
 *fill*         0x080047aa        0x2 
 .text.HAL_DMA_Init
                0x080047ac      0x15c ./Drivers/STM32F4xx_HAL_Driver/Src/stm32f4xx_hal_dma.o
                0x080047ac                HAL_DMA_Init
 .text.HAL_DMA_Start_IT
                0x08004908       0xb0 ./Drivers/STM32F4xx_HAL_Driver/Src/stm32f4xx_hal_dma.o
                0x08004908                HAL_DMA_Start_IT
 .text.HAL_DMA_Abort
                0x080049b8       0xe0 ./Drivers/STM32F4xx_HAL_Driver/Src/stm32f4xx_hal_dma.o
                0x080049b8                HAL_DMA_Abort
 .text.HAL_DMA_Abort_IT
                0x08004a98       0x44 ./Drivers/STM32F4xx_HAL_Driver/Src/stm32f4xx_hal_dma.o
                0x08004a98                HAL_DMA_Abort_IT
 .text.HAL_DMA_IRQHandler
                0x08004adc      0x314 ./Drivers/STM32F4xx_HAL_Driver/Src/stm32f4xx_hal_dma.o
                0x08004adc                HAL_DMA_IRQHandler
 .text.DMA_SetConfig
                0x08004df0       0x5c ./Drivers/STM32F4xx_HAL_Driver/Src/stm32f4xx_hal_dma.o
 .text.DMA_CalcBaseAndBitshift
                0x08004e4c       0x6c ./Drivers/STM32F4xx_HAL_Driver/Src/stm32f4xx_hal_dma.o
 .text.DMA_CheckFifoParam
                0x08004eb8       0xf8 ./Drivers/STM32F4xx_HAL_Driver/Src/stm32f4xx_hal_dma.o
 .text.HAL_GPIO_Init
                0x08004fb0      0x338 ./Drivers/STM32F4xx_HAL_Driver/Src/stm32f4xx_hal_gpio.o
                0x08004fb0                HAL_GPIO_Init
 .text.HAL_GPIO_WritePin
                0x080052e8       0x32 ./Drivers/STM32F4xx_HAL_Driver/Src/stm32f4xx_hal_gpio.o
                0x080052e8                HAL_GPIO_WritePin
 .text.HAL_GPIO_TogglePin
                0x0800531a       0x34 ./Drivers/STM32F4xx_HAL_Driver/Src/stm32f4xx_hal_gpio.o
                0x0800531a                HAL_GPIO_TogglePin
 *fill*         0x0800534e        0x2 
 .text.HAL_I2C_Init
                0x08005350      0x288 ./Drivers/STM32F4xx_HAL_Driver/Src/stm32f4xx_hal_i2c.o
                0x08005350                HAL_I2C_Init
 .text.HAL_I2C_Master_Transmit
                0x080055d8      0x1fc ./Drivers/STM32F4xx_HAL_Driver/Src/stm32f4xx_hal_i2c.o
                0x080055d8                HAL_I2C_Master_Transmit
 .text.HAL_I2C_Master_Receive
                0x080057d4      0x464 ./Drivers/STM32F4xx_HAL_Driver/Src/stm32f4xx_hal_i2c.o
                0x080057d4                HAL_I2C_Master_Receive
 .text.HAL_I2C_IsDeviceReady
                0x08005c38      0x25c ./Drivers/STM32F4xx_HAL_Driver/Src/stm32f4xx_hal_i2c.o
                0x08005c38                HAL_I2C_IsDeviceReady
 .text.I2C_MasterRequestWrite
                0x08005e94      0x104 ./Drivers/STM32F4xx_HAL_Driver/Src/stm32f4xx_hal_i2c.o
 .text.I2C_MasterRequestRead
                0x08005f98      0x19c ./Drivers/STM32F4xx_HAL_Driver/Src/stm32f4xx_hal_i2c.o
 .text.I2C_WaitOnFlagUntilTimeout
                0x08006134       0xf4 ./Drivers/STM32F4xx_HAL_Driver/Src/stm32f4xx_hal_i2c.o
 .text.I2C_WaitOnMasterAddressFlagUntilTimeout
                0x08006228      0x140 ./Drivers/STM32F4xx_HAL_Driver/Src/stm32f4xx_hal_i2c.o
 .text.I2C_WaitOnTXEFlagUntilTimeout
                0x08006368       0x90 ./Drivers/STM32F4xx_HAL_Driver/Src/stm32f4xx_hal_i2c.o
 .text.I2C_WaitOnBTFFlagUntilTimeout
                0x080063f8       0x90 ./Drivers/STM32F4xx_HAL_Driver/Src/stm32f4xx_hal_i2c.o
 .text.I2C_WaitOnRXNEFlagUntilTimeout
                0x08006488       0xba ./Drivers/STM32F4xx_HAL_Driver/Src/stm32f4xx_hal_i2c.o
 .text.I2C_IsAcknowledgeFailed
                0x08006542       0x5e ./Drivers/STM32F4xx_HAL_Driver/Src/stm32f4xx_hal_i2c.o
 .text.HAL_PCD_Init
                0x080065a0      0x21e ./Drivers/STM32F4xx_HAL_Driver/Src/stm32f4xx_hal_pcd.o
                0x080065a0                HAL_PCD_Init
 .text.HAL_PCD_Start
                0x080067be       0x6a ./Drivers/STM32F4xx_HAL_Driver/Src/stm32f4xx_hal_pcd.o
                0x080067be                HAL_PCD_Start
 .text.HAL_PCD_IRQHandler
                0x08006828      0x942 ./Drivers/STM32F4xx_HAL_Driver/Src/stm32f4xx_hal_pcd.o
                0x08006828                HAL_PCD_IRQHandler
 .text.HAL_PCD_SetAddress
                0x0800716a       0x48 ./Drivers/STM32F4xx_HAL_Driver/Src/stm32f4xx_hal_pcd.o
                0x0800716a                HAL_PCD_SetAddress
 .text.HAL_PCD_EP_Open
                0x080071b2       0xd4 ./Drivers/STM32F4xx_HAL_Driver/Src/stm32f4xx_hal_pcd.o
                0x080071b2                HAL_PCD_EP_Open
 .text.HAL_PCD_EP_Close
                0x08007286       0x94 ./Drivers/STM32F4xx_HAL_Driver/Src/stm32f4xx_hal_pcd.o
                0x08007286                HAL_PCD_EP_Close
 .text.HAL_PCD_EP_Receive
                0x0800731a       0x76 ./Drivers/STM32F4xx_HAL_Driver/Src/stm32f4xx_hal_pcd.o
                0x0800731a                HAL_PCD_EP_Receive
 .text.HAL_PCD_EP_GetRxCount
                0x08007390       0x30 ./Drivers/STM32F4xx_HAL_Driver/Src/stm32f4xx_hal_pcd.o
                0x08007390                HAL_PCD_EP_GetRxCount
 .text.HAL_PCD_EP_Transmit
                0x080073c0       0x74 ./Drivers/STM32F4xx_HAL_Driver/Src/stm32f4xx_hal_pcd.o
                0x080073c0                HAL_PCD_EP_Transmit
 .text.HAL_PCD_EP_SetStall
                0x08007434       0xc6 ./Drivers/STM32F4xx_HAL_Driver/Src/stm32f4xx_hal_pcd.o
                0x08007434                HAL_PCD_EP_SetStall
 .text.HAL_PCD_EP_ClrStall
                0x080074fa       0xac ./Drivers/STM32F4xx_HAL_Driver/Src/stm32f4xx_hal_pcd.o
                0x080074fa                HAL_PCD_EP_ClrStall
 .text.HAL_PCD_EP_Abort
                0x080075a6       0x62 ./Drivers/STM32F4xx_HAL_Driver/Src/stm32f4xx_hal_pcd.o
                0x080075a6                HAL_PCD_EP_Abort
 .text.PCD_WriteEmptyTxFifo
                0x08007608      0x118 ./Drivers/STM32F4xx_HAL_Driver/Src/stm32f4xx_hal_pcd.o
 .text.PCD_EP_OutXfrComplete_int
                0x08007720      0x1d0 ./Drivers/STM32F4xx_HAL_Driver/Src/stm32f4xx_hal_pcd.o
 .text.PCD_EP_OutSetupPacket_int
                0x080078f0       0x8c ./Drivers/STM32F4xx_HAL_Driver/Src/stm32f4xx_hal_pcd.o
 .text.HAL_PCDEx_SetTxFiFo
                0x0800797c       0x8e ./Drivers/STM32F4xx_HAL_Driver/Src/stm32f4xx_hal_pcd_ex.o
                0x0800797c                HAL_PCDEx_SetTxFiFo
 .text.HAL_PCDEx_SetRxFiFo
                0x08007a0a       0x22 ./Drivers/STM32F4xx_HAL_Driver/Src/stm32f4xx_hal_pcd_ex.o
                0x08007a0a                HAL_PCDEx_SetRxFiFo
 .text.HAL_PCDEx_LPM_Callback
                0x08007a2c       0x18 ./Drivers/STM32F4xx_HAL_Driver/Src/stm32f4xx_hal_pcd_ex.o
                0x08007a2c                HAL_PCDEx_LPM_Callback
 .text.HAL_RCC_OscConfig
                0x08007a44      0x4f0 ./Drivers/STM32F4xx_HAL_Driver/Src/stm32f4xx_hal_rcc.o
                0x08007a44                HAL_RCC_OscConfig
 .text.HAL_RCC_ClockConfig
                0x08007f34      0x1cc ./Drivers/STM32F4xx_HAL_Driver/Src/stm32f4xx_hal_rcc.o
                0x08007f34                HAL_RCC_ClockConfig
 .text.HAL_RCC_GetSysClockFreq
                0x08008100      0x20c ./Drivers/STM32F4xx_HAL_Driver/Src/stm32f4xx_hal_rcc.o
                0x08008100                HAL_RCC_GetSysClockFreq
 .text.HAL_RCC_GetHCLKFreq
                0x0800830c       0x18 ./Drivers/STM32F4xx_HAL_Driver/Src/stm32f4xx_hal_rcc.o
                0x0800830c                HAL_RCC_GetHCLKFreq
 .text.HAL_RCC_GetPCLK1Freq
                0x08008324       0x28 ./Drivers/STM32F4xx_HAL_Driver/Src/stm32f4xx_hal_rcc.o
                0x08008324                HAL_RCC_GetPCLK1Freq
 .text.HAL_RCC_GetPCLK2Freq
                0x0800834c       0x28 ./Drivers/STM32F4xx_HAL_Driver/Src/stm32f4xx_hal_rcc.o
                0x0800834c                HAL_RCC_GetPCLK2Freq
 .text.HAL_SPI_Init
                0x08008374      0x112 ./Drivers/STM32F4xx_HAL_Driver/Src/stm32f4xx_hal_spi.o
                0x08008374                HAL_SPI_Init
 .text.HAL_SPI_Transmit
                0x08008486      0x288 ./Drivers/STM32F4xx_HAL_Driver/Src/stm32f4xx_hal_spi.o
                0x08008486                HAL_SPI_Transmit
 *fill*         0x0800870e        0x2 
 .text.SPI_WaitFlagStateUntilTimeout
                0x08008710      0x110 ./Drivers/STM32F4xx_HAL_Driver/Src/stm32f4xx_hal_spi.o
 .text.SPI_EndRxTxTransaction
                0x08008820       0xa8 ./Drivers/STM32F4xx_HAL_Driver/Src/stm32f4xx_hal_spi.o
 .text.HAL_TIM_Base_Init
                0x080088c8       0x9e ./Drivers/STM32F4xx_HAL_Driver/Src/stm32f4xx_hal_tim.o
                0x080088c8                HAL_TIM_Base_Init
 *fill*         0x08008966        0x2 
 .text.HAL_TIM_Base_Start_IT
                0x08008968       0xe0 ./Drivers/STM32F4xx_HAL_Driver/Src/stm32f4xx_hal_tim.o
                0x08008968                HAL_TIM_Base_Start_IT
 .text.HAL_TIM_PWM_Init
                0x08008a48       0x9e ./Drivers/STM32F4xx_HAL_Driver/Src/stm32f4xx_hal_tim.o
                0x08008a48                HAL_TIM_PWM_Init
 .text.HAL_TIM_Encoder_Init
                0x08008ae6      0x14c ./Drivers/STM32F4xx_HAL_Driver/Src/stm32f4xx_hal_tim.o
                0x08008ae6                HAL_TIM_Encoder_Init
 .text.HAL_TIM_IRQHandler
                0x08008c32      0x1e0 ./Drivers/STM32F4xx_HAL_Driver/Src/stm32f4xx_hal_tim.o
                0x08008c32                HAL_TIM_IRQHandler
 *fill*         0x08008e12        0x2 
 .text.HAL_TIM_PWM_ConfigChannel
                0x08008e14      0x184 ./Drivers/STM32F4xx_HAL_Driver/Src/stm32f4xx_hal_tim.o
                0x08008e14                HAL_TIM_PWM_ConfigChannel
 .text.HAL_TIM_ConfigClockSource
                0x08008f98      0x18e ./Drivers/STM32F4xx_HAL_Driver/Src/stm32f4xx_hal_tim.o
                0x08008f98                HAL_TIM_ConfigClockSource
 .text.HAL_TIM_OC_DelayElapsedCallback
                0x08009126       0x14 ./Drivers/STM32F4xx_HAL_Driver/Src/stm32f4xx_hal_tim.o
                0x08009126                HAL_TIM_OC_DelayElapsedCallback
 .text.HAL_TIM_IC_CaptureCallback
                0x0800913a       0x14 ./Drivers/STM32F4xx_HAL_Driver/Src/stm32f4xx_hal_tim.o
                0x0800913a                HAL_TIM_IC_CaptureCallback
 .text.HAL_TIM_PWM_PulseFinishedCallback
                0x0800914e       0x14 ./Drivers/STM32F4xx_HAL_Driver/Src/stm32f4xx_hal_tim.o
                0x0800914e                HAL_TIM_PWM_PulseFinishedCallback
 .text.HAL_TIM_TriggerCallback
                0x08009162       0x14 ./Drivers/STM32F4xx_HAL_Driver/Src/stm32f4xx_hal_tim.o
                0x08009162                HAL_TIM_TriggerCallback
 *fill*         0x08009176        0x2 
 .text.TIM_Base_SetConfig
                0x08009178      0x14c ./Drivers/STM32F4xx_HAL_Driver/Src/stm32f4xx_hal_tim.o
                0x08009178                TIM_Base_SetConfig
 .text.TIM_OC1_SetConfig
                0x080092c4       0xe0 ./Drivers/STM32F4xx_HAL_Driver/Src/stm32f4xx_hal_tim.o
 .text.TIM_OC2_SetConfig
                0x080093a4       0xec ./Drivers/STM32F4xx_HAL_Driver/Src/stm32f4xx_hal_tim.o
                0x080093a4                TIM_OC2_SetConfig
 .text.TIM_OC3_SetConfig
                0x08009490       0xe8 ./Drivers/STM32F4xx_HAL_Driver/Src/stm32f4xx_hal_tim.o
 .text.TIM_OC4_SetConfig
                0x08009578       0xac ./Drivers/STM32F4xx_HAL_Driver/Src/stm32f4xx_hal_tim.o
 .text.TIM_TI1_ConfigInputStage
                0x08009624       0x5e ./Drivers/STM32F4xx_HAL_Driver/Src/stm32f4xx_hal_tim.o
 .text.TIM_TI2_ConfigInputStage
                0x08009682       0x60 ./Drivers/STM32F4xx_HAL_Driver/Src/stm32f4xx_hal_tim.o
 .text.TIM_ITRx_SetConfig
                0x080096e2       0x36 ./Drivers/STM32F4xx_HAL_Driver/Src/stm32f4xx_hal_tim.o
 .text.TIM_ETR_SetConfig
                0x08009718       0x40 ./Drivers/STM32F4xx_HAL_Driver/Src/stm32f4xx_hal_tim.o
                0x08009718                TIM_ETR_SetConfig
 .text.HAL_TIMEx_MasterConfigSynchronization
                0x08009758       0xf8 ./Drivers/STM32F4xx_HAL_Driver/Src/stm32f4xx_hal_tim_ex.o
                0x08009758                HAL_TIMEx_MasterConfigSynchronization
 .text.HAL_TIMEx_CommutCallback
                0x08009850       0x14 ./Drivers/STM32F4xx_HAL_Driver/Src/stm32f4xx_hal_tim_ex.o
                0x08009850                HAL_TIMEx_CommutCallback
 .text.HAL_TIMEx_BreakCallback
                0x08009864       0x14 ./Drivers/STM32F4xx_HAL_Driver/Src/stm32f4xx_hal_tim_ex.o
                0x08009864                HAL_TIMEx_BreakCallback
 .text.HAL_UART_Init
                0x08009878       0xa0 ./Drivers/STM32F4xx_HAL_Driver/Src/stm32f4xx_hal_uart.o
                0x08009878                HAL_UART_Init
 .text.HAL_UART_Receive_DMA
                0x08009918       0x4a ./Drivers/STM32F4xx_HAL_Driver/Src/stm32f4xx_hal_uart.o
                0x08009918                HAL_UART_Receive_DMA
 *fill*         0x08009962        0x2 
 .text.HAL_UART_IRQHandler
                0x08009964      0x554 ./Drivers/STM32F4xx_HAL_Driver/Src/stm32f4xx_hal_uart.o
                0x08009964                HAL_UART_IRQHandler
 .text.HAL_UART_TxCpltCallback
                0x08009eb8       0x14 ./Drivers/STM32F4xx_HAL_Driver/Src/stm32f4xx_hal_uart.o
                0x08009eb8                HAL_UART_TxCpltCallback
 .text.HAL_UART_RxHalfCpltCallback
                0x08009ecc       0x14 ./Drivers/STM32F4xx_HAL_Driver/Src/stm32f4xx_hal_uart.o
                0x08009ecc                HAL_UART_RxHalfCpltCallback
 .text.HAL_UARTEx_RxEventCallback
                0x08009ee0       0x18 ./Drivers/STM32F4xx_HAL_Driver/Src/stm32f4xx_hal_uart.o
                0x08009ee0                HAL_UARTEx_RxEventCallback
 .text.UART_DMAReceiveCplt
                0x08009ef8      0x12c ./Drivers/STM32F4xx_HAL_Driver/Src/stm32f4xx_hal_uart.o
 .text.UART_DMARxHalfCplt
                0x0800a024       0x3c ./Drivers/STM32F4xx_HAL_Driver/Src/stm32f4xx_hal_uart.o
 .text.UART_DMAError
                0x0800a060       0x94 ./Drivers/STM32F4xx_HAL_Driver/Src/stm32f4xx_hal_uart.o
 .text.UART_Start_Receive_DMA
                0x0800a0f4      0x14c ./Drivers/STM32F4xx_HAL_Driver/Src/stm32f4xx_hal_uart.o
                0x0800a0f4                UART_Start_Receive_DMA
 .text.UART_EndTxTransfer
                0x0800a240       0x50 ./Drivers/STM32F4xx_HAL_Driver/Src/stm32f4xx_hal_uart.o
 .text.UART_EndRxTransfer
                0x0800a290       0xc6 ./Drivers/STM32F4xx_HAL_Driver/Src/stm32f4xx_hal_uart.o
 .text.UART_DMAAbortOnError
                0x0800a356       0x22 ./Drivers/STM32F4xx_HAL_Driver/Src/stm32f4xx_hal_uart.o
 .text.UART_Transmit_IT
                0x0800a378       0xa0 ./Drivers/STM32F4xx_HAL_Driver/Src/stm32f4xx_hal_uart.o
 .text.UART_EndTransmit_IT
                0x0800a418       0x30 ./Drivers/STM32F4xx_HAL_Driver/Src/stm32f4xx_hal_uart.o
 .text.UART_Receive_IT
                0x0800a448      0x17c ./Drivers/STM32F4xx_HAL_Driver/Src/stm32f4xx_hal_uart.o
 .text.UART_SetConfig
                0x0800a5c4      0x4e8 ./Drivers/STM32F4xx_HAL_Driver/Src/stm32f4xx_hal_uart.o
 .text.USB_CoreInit
                0x0800aaac       0xc8 ./Drivers/STM32F4xx_HAL_Driver/Src/stm32f4xx_ll_usb.o
                0x0800aaac                USB_CoreInit
 .text.USB_SetTurnaroundTime
                0x0800ab74      0x144 ./Drivers/STM32F4xx_HAL_Driver/Src/stm32f4xx_ll_usb.o
                0x0800ab74                USB_SetTurnaroundTime
 .text.USB_EnableGlobalInt
                0x0800acb8       0x22 ./Drivers/STM32F4xx_HAL_Driver/Src/stm32f4xx_ll_usb.o
                0x0800acb8                USB_EnableGlobalInt
 .text.USB_DisableGlobalInt
                0x0800acda       0x22 ./Drivers/STM32F4xx_HAL_Driver/Src/stm32f4xx_ll_usb.o
                0x0800acda                USB_DisableGlobalInt
 .text.USB_SetCurrentMode
                0x0800acfc       0x98 ./Drivers/STM32F4xx_HAL_Driver/Src/stm32f4xx_ll_usb.o
                0x0800acfc                USB_SetCurrentMode
 .text.USB_DevInit
                0x0800ad94      0x2c8 ./Drivers/STM32F4xx_HAL_Driver/Src/stm32f4xx_ll_usb.o
                0x0800ad94                USB_DevInit
 .text.USB_FlushTxFifo
                0x0800b05c       0x64 ./Drivers/STM32F4xx_HAL_Driver/Src/stm32f4xx_ll_usb.o
                0x0800b05c                USB_FlushTxFifo
 .text.USB_FlushRxFifo
                0x0800b0c0       0x5c ./Drivers/STM32F4xx_HAL_Driver/Src/stm32f4xx_ll_usb.o
                0x0800b0c0                USB_FlushRxFifo
 .text.USB_SetDevSpeed
                0x0800b11c       0x32 ./Drivers/STM32F4xx_HAL_Driver/Src/stm32f4xx_ll_usb.o
                0x0800b11c                USB_SetDevSpeed
 .text.USB_GetDevSpeed
                0x0800b14e       0x4a ./Drivers/STM32F4xx_HAL_Driver/Src/stm32f4xx_ll_usb.o
                0x0800b14e                USB_GetDevSpeed
 .text.USB_ActivateEndpoint
                0x0800b198      0x10e ./Drivers/STM32F4xx_HAL_Driver/Src/stm32f4xx_ll_usb.o
                0x0800b198                USB_ActivateEndpoint
 *fill*         0x0800b2a6        0x2 
 .text.USB_DeactivateEndpoint
                0x0800b2a8      0x1b8 ./Drivers/STM32F4xx_HAL_Driver/Src/stm32f4xx_ll_usb.o
                0x0800b2a8                USB_DeactivateEndpoint
 .text.USB_EPStartXfer
                0x0800b460      0x53c ./Drivers/STM32F4xx_HAL_Driver/Src/stm32f4xx_ll_usb.o
                0x0800b460                USB_EPStartXfer
 .text.USB_EPStopXfer
                0x0800b99c      0x154 ./Drivers/STM32F4xx_HAL_Driver/Src/stm32f4xx_ll_usb.o
                0x0800b99c                USB_EPStopXfer
 .text.USB_WritePacket
                0x0800baf0       0x7c ./Drivers/STM32F4xx_HAL_Driver/Src/stm32f4xx_ll_usb.o
                0x0800baf0                USB_WritePacket
 .text.USB_ReadPacket
                0x0800bb6c       0xb0 ./Drivers/STM32F4xx_HAL_Driver/Src/stm32f4xx_ll_usb.o
                0x0800bb6c                USB_ReadPacket
 .text.USB_EPSetStall
                0x0800bc1c       0xdc ./Drivers/STM32F4xx_HAL_Driver/Src/stm32f4xx_ll_usb.o
                0x0800bc1c                USB_EPSetStall
 .text.USB_EPClearStall
                0x0800bcf8       0xcc ./Drivers/STM32F4xx_HAL_Driver/Src/stm32f4xx_ll_usb.o
                0x0800bcf8                USB_EPClearStall
 .text.USB_SetDevAddress
                0x0800bdc4       0x4c ./Drivers/STM32F4xx_HAL_Driver/Src/stm32f4xx_ll_usb.o
                0x0800bdc4                USB_SetDevAddress
 .text.USB_DevConnect
                0x0800be10       0x42 ./Drivers/STM32F4xx_HAL_Driver/Src/stm32f4xx_ll_usb.o
                0x0800be10                USB_DevConnect
 .text.USB_DevDisconnect
                0x0800be52       0x42 ./Drivers/STM32F4xx_HAL_Driver/Src/stm32f4xx_ll_usb.o
                0x0800be52                USB_DevDisconnect
 .text.USB_ReadInterrupts
                0x0800be94       0x26 ./Drivers/STM32F4xx_HAL_Driver/Src/stm32f4xx_ll_usb.o
                0x0800be94                USB_ReadInterrupts
 .text.USB_ReadDevAllOutEpInterrupt
                0x0800beba       0x34 ./Drivers/STM32F4xx_HAL_Driver/Src/stm32f4xx_ll_usb.o
                0x0800beba                USB_ReadDevAllOutEpInterrupt
 .text.USB_ReadDevAllInEpInterrupt
                0x0800beee       0x34 ./Drivers/STM32F4xx_HAL_Driver/Src/stm32f4xx_ll_usb.o
                0x0800beee                USB_ReadDevAllInEpInterrupt
 .text.USB_ReadDevOutEPInterrupt
                0x0800bf22       0x3c ./Drivers/STM32F4xx_HAL_Driver/Src/stm32f4xx_ll_usb.o
                0x0800bf22                USB_ReadDevOutEPInterrupt
 .text.USB_ReadDevInEPInterrupt
                0x0800bf5e       0x5c ./Drivers/STM32F4xx_HAL_Driver/Src/stm32f4xx_ll_usb.o
                0x0800bf5e                USB_ReadDevInEPInterrupt
 .text.USB_GetMode
                0x0800bfba       0x1c ./Drivers/STM32F4xx_HAL_Driver/Src/stm32f4xx_ll_usb.o
                0x0800bfba                USB_GetMode
 .text.USB_ActivateSetup
                0x0800bfd6       0x46 ./Drivers/STM32F4xx_HAL_Driver/Src/stm32f4xx_ll_usb.o
                0x0800bfd6                USB_ActivateSetup
 .text.USB_EP0_OutStart
                0x0800c01c       0xbc ./Drivers/STM32F4xx_HAL_Driver/Src/stm32f4xx_ll_usb.o
                0x0800c01c                USB_EP0_OutStart
 .text.USB_CoreReset
                0x0800c0d8       0x70 ./Drivers/STM32F4xx_HAL_Driver/Src/stm32f4xx_ll_usb.o
 .text.USBD_CDC_Init
                0x0800c148      0x1f0 ./Middlewares/ST/STM32_USB_Device_Library/Class/CDC/Src/usbd_cdc.o
 .text.USBD_CDC_DeInit
                0x0800c338      0x104 ./Middlewares/ST/STM32_USB_Device_Library/Class/CDC/Src/usbd_cdc.o
 .text.USBD_CDC_Setup
                0x0800c43c      0x1b8 ./Middlewares/ST/STM32_USB_Device_Library/Class/CDC/Src/usbd_cdc.o
 .text.USBD_CDC_DataIn
                0x0800c5f4       0xfe ./Middlewares/ST/STM32_USB_Device_Library/Class/CDC/Src/usbd_cdc.o
 .text.USBD_CDC_DataOut
                0x0800c6f2       0x70 ./Middlewares/ST/STM32_USB_Device_Library/Class/CDC/Src/usbd_cdc.o
 .text.USBD_CDC_EP0_RxReady
                0x0800c762       0x74 ./Middlewares/ST/STM32_USB_Device_Library/Class/CDC/Src/usbd_cdc.o
 *fill*         0x0800c7d6        0x2 
 .text.USBD_CDC_GetFSCfgDesc
                0x0800c7d8       0x70 ./Middlewares/ST/STM32_USB_Device_Library/Class/CDC/Src/usbd_cdc.o
 .text.USBD_CDC_GetHSCfgDesc
                0x0800c848       0x70 ./Middlewares/ST/STM32_USB_Device_Library/Class/CDC/Src/usbd_cdc.o
 .text.USBD_CDC_GetOtherSpeedCfgDesc
                0x0800c8b8       0x70 ./Middlewares/ST/STM32_USB_Device_Library/Class/CDC/Src/usbd_cdc.o
 .text.USBD_CDC_GetDeviceQualifierDescriptor
                0x0800c928       0x20 ./Middlewares/ST/STM32_USB_Device_Library/Class/CDC/Src/usbd_cdc.o
                0x0800c928                USBD_CDC_GetDeviceQualifierDescriptor
 .text.USBD_CDC_RegisterInterface
                0x0800c948       0x34 ./Middlewares/ST/STM32_USB_Device_Library/Class/CDC/Src/usbd_cdc.o
                0x0800c948                USBD_CDC_RegisterInterface
 .text.USBD_CDC_SetTxBuffer
                0x0800c97c       0x44 ./Middlewares/ST/STM32_USB_Device_Library/Class/CDC/Src/usbd_cdc.o
                0x0800c97c                USBD_CDC_SetTxBuffer
 .text.USBD_CDC_SetRxBuffer
                0x0800c9c0       0x3a ./Middlewares/ST/STM32_USB_Device_Library/Class/CDC/Src/usbd_cdc.o
                0x0800c9c0                USBD_CDC_SetRxBuffer
 *fill*         0x0800c9fa        0x2 
 .text.USBD_CDC_ReceivePacket
                0x0800c9fc       0x6c ./Middlewares/ST/STM32_USB_Device_Library/Class/CDC/Src/usbd_cdc.o
                0x0800c9fc                USBD_CDC_ReceivePacket
 .text.USBD_Init
                0x0800ca68       0x60 ./Middlewares/ST/STM32_USB_Device_Library/Core/Src/usbd_core.o
                0x0800ca68                USBD_Init
 .text.USBD_RegisterClass
                0x0800cac8       0x6c ./Middlewares/ST/STM32_USB_Device_Library/Core/Src/usbd_core.o
                0x0800cac8                USBD_RegisterClass
 .text.USBD_Start
                0x0800cb34       0x18 ./Middlewares/ST/STM32_USB_Device_Library/Core/Src/usbd_core.o
                0x0800cb34                USBD_Start
 .text.USBD_RunTestMode
                0x0800cb4c       0x16 ./Middlewares/ST/STM32_USB_Device_Library/Core/Src/usbd_core.o
                0x0800cb4c                USBD_RunTestMode
 .text.USBD_SetClassConfig
                0x0800cb62       0x38 ./Middlewares/ST/STM32_USB_Device_Library/Core/Src/usbd_core.o
                0x0800cb62                USBD_SetClassConfig
 .text.USBD_ClrClassConfig
                0x0800cb9a       0x34 ./Middlewares/ST/STM32_USB_Device_Library/Core/Src/usbd_core.o
                0x0800cb9a                USBD_ClrClassConfig
 .text.USBD_LL_SetupStage
                0x0800cbce       0xaa ./Middlewares/ST/STM32_USB_Device_Library/Core/Src/usbd_core.o
                0x0800cbce                USBD_LL_SetupStage
 .text.USBD_LL_DataOutStage
                0x0800cc78      0x178 ./Middlewares/ST/STM32_USB_Device_Library/Core/Src/usbd_core.o
                0x0800cc78                USBD_LL_DataOutStage
 .text.USBD_LL_DataInStage
                0x0800cdf0      0x176 ./Middlewares/ST/STM32_USB_Device_Library/Core/Src/usbd_core.o
                0x0800cdf0                USBD_LL_DataInStage
 .text.USBD_LL_Reset
                0x0800cf66       0xa6 ./Middlewares/ST/STM32_USB_Device_Library/Core/Src/usbd_core.o
                0x0800cf66                USBD_LL_Reset
 .text.USBD_LL_SetSpeed
                0x0800d00c       0x20 ./Middlewares/ST/STM32_USB_Device_Library/Core/Src/usbd_core.o
                0x0800d00c                USBD_LL_SetSpeed
 .text.USBD_LL_Suspend
                0x0800d02c       0x38 ./Middlewares/ST/STM32_USB_Device_Library/Core/Src/usbd_core.o
                0x0800d02c                USBD_LL_Suspend
 .text.USBD_LL_Resume
                0x0800d064       0x30 ./Middlewares/ST/STM32_USB_Device_Library/Core/Src/usbd_core.o
                0x0800d064                USBD_LL_Resume
 .text.USBD_LL_SOF
                0x0800d094       0x40 ./Middlewares/ST/STM32_USB_Device_Library/Core/Src/usbd_core.o
                0x0800d094                USBD_LL_SOF
 .text.USBD_LL_IsoINIncomplete
                0x0800d0d4       0x64 ./Middlewares/ST/STM32_USB_Device_Library/Core/Src/usbd_core.o
                0x0800d0d4                USBD_LL_IsoINIncomplete
 .text.USBD_LL_IsoOUTIncomplete
                0x0800d138       0x64 ./Middlewares/ST/STM32_USB_Device_Library/Core/Src/usbd_core.o
                0x0800d138                USBD_LL_IsoOUTIncomplete
 .text.USBD_LL_DevConnected
                0x0800d19c       0x16 ./Middlewares/ST/STM32_USB_Device_Library/Core/Src/usbd_core.o
                0x0800d19c                USBD_LL_DevConnected
 .text.USBD_LL_DevDisconnected
                0x0800d1b2       0x46 ./Middlewares/ST/STM32_USB_Device_Library/Core/Src/usbd_core.o
                0x0800d1b2                USBD_LL_DevDisconnected
 .text.USBD_CoreFindIF
                0x0800d1f8       0x1a ./Middlewares/ST/STM32_USB_Device_Library/Core/Src/usbd_core.o
                0x0800d1f8                USBD_CoreFindIF
 .text.USBD_CoreFindEP
                0x0800d212       0x1a ./Middlewares/ST/STM32_USB_Device_Library/Core/Src/usbd_core.o
                0x0800d212                USBD_CoreFindEP
 .text.USBD_GetEpDesc
                0x0800d22c       0x70 ./Middlewares/ST/STM32_USB_Device_Library/Core/Src/usbd_core.o
                0x0800d22c                USBD_GetEpDesc
 .text.USBD_GetNextDesc
                0x0800d29c       0x38 ./Middlewares/ST/STM32_USB_Device_Library/Core/Src/usbd_core.o
                0x0800d29c                USBD_GetNextDesc
 .text.SWAPBYTE
                0x0800d2d4       0x3e ./Middlewares/ST/STM32_USB_Device_Library/Core/Src/usbd_ctlreq.o
 *fill*         0x0800d312        0x2 
 .text.USBD_StdDevReq
                0x0800d314       0xe4 ./Middlewares/ST/STM32_USB_Device_Library/Core/Src/usbd_ctlreq.o
                0x0800d314                USBD_StdDevReq
 .text.USBD_StdItfReq
                0x0800d3f8       0xd8 ./Middlewares/ST/STM32_USB_Device_Library/Core/Src/usbd_ctlreq.o
                0x0800d3f8                USBD_StdItfReq
 .text.USBD_StdEPReq
                0x0800d4d0      0x33e ./Middlewares/ST/STM32_USB_Device_Library/Core/Src/usbd_ctlreq.o
                0x0800d4d0                USBD_StdEPReq
 *fill*         0x0800d80e        0x2 
 .text.USBD_GetDescriptor
                0x0800d810      0x2d4 ./Middlewares/ST/STM32_USB_Device_Library/Core/Src/usbd_ctlreq.o
 .text.USBD_SetAddress
                0x0800dae4       0x88 ./Middlewares/ST/STM32_USB_Device_Library/Core/Src/usbd_ctlreq.o
 .text.USBD_SetConfig
                0x0800db6c      0x154 ./Middlewares/ST/STM32_USB_Device_Library/Core/Src/usbd_ctlreq.o
 .text.USBD_GetConfig
                0x0800dcc0       0x6c ./Middlewares/ST/STM32_USB_Device_Library/Core/Src/usbd_ctlreq.o
 .text.USBD_GetStatus
                0x0800dd2c       0x68 ./Middlewares/ST/STM32_USB_Device_Library/Core/Src/usbd_ctlreq.o
 .text.USBD_SetFeature
                0x0800dd94       0x52 ./Middlewares/ST/STM32_USB_Device_Library/Core/Src/usbd_ctlreq.o
 .text.USBD_ClrFeature
                0x0800dde6       0x44 ./Middlewares/ST/STM32_USB_Device_Library/Core/Src/usbd_ctlreq.o
 .text.USBD_ParseSetupRequest
                0x0800de2a       0x74 ./Middlewares/ST/STM32_USB_Device_Library/Core/Src/usbd_ctlreq.o
                0x0800de2a                USBD_ParseSetupRequest
 .text.USBD_CtlError
                0x0800de9e       0x22 ./Middlewares/ST/STM32_USB_Device_Library/Core/Src/usbd_ctlreq.o
                0x0800de9e                USBD_CtlError
 .text.USBD_GetString
                0x0800dec0       0xa4 ./Middlewares/ST/STM32_USB_Device_Library/Core/Src/usbd_ctlreq.o
                0x0800dec0                USBD_GetString
 .text.USBD_GetLen
                0x0800df64       0x34 ./Middlewares/ST/STM32_USB_Device_Library/Core/Src/usbd_ctlreq.o
 .text.USBD_CtlSendData
                0x0800df98       0x3c ./Middlewares/ST/STM32_USB_Device_Library/Core/Src/usbd_ioreq.o
                0x0800df98                USBD_CtlSendData
 .text.USBD_CtlContinueSendData
                0x0800dfd4       0x22 ./Middlewares/ST/STM32_USB_Device_Library/Core/Src/usbd_ioreq.o
                0x0800dfd4                USBD_CtlContinueSendData
 .text.USBD_CtlPrepareRx
                0x0800dff6       0x42 ./Middlewares/ST/STM32_USB_Device_Library/Core/Src/usbd_ioreq.o
                0x0800dff6                USBD_CtlPrepareRx
 .text.USBD_CtlContinueRx
                0x0800e038       0x22 ./Middlewares/ST/STM32_USB_Device_Library/Core/Src/usbd_ioreq.o
                0x0800e038                USBD_CtlContinueRx
 .text.USBD_CtlSendStatus
                0x0800e05a       0x26 ./Middlewares/ST/STM32_USB_Device_Library/Core/Src/usbd_ioreq.o
                0x0800e05a                USBD_CtlSendStatus
 .text.USBD_CtlReceiveStatus
                0x0800e080       0x26 ./Middlewares/ST/STM32_USB_Device_Library/Core/Src/usbd_ioreq.o
                0x0800e080                USBD_CtlReceiveStatus
 *fill*         0x0800e0a6        0x2 
 .text.MX_USB_DEVICE_Init
                0x0800e0a8       0x60 ./USB_DEVICE/App/usb_device.o
                0x0800e0a8                MX_USB_DEVICE_Init
 .text.CDC_Init_FS
                0x0800e108       0x28 ./USB_DEVICE/App/usbd_cdc_if.o
 .text.CDC_DeInit_FS
                0x0800e130       0x10 ./USB_DEVICE/App/usbd_cdc_if.o
 .text.CDC_Control_FS
                0x0800e140       0xbc ./USB_DEVICE/App/usbd_cdc_if.o
 .text.CDC_Receive_FS
                0x0800e1fc       0x28 ./USB_DEVICE/App/usbd_cdc_if.o
 .text.CDC_TransmitCplt_FS
                0x0800e224       0x22 ./USB_DEVICE/App/usbd_cdc_if.o
 *fill*         0x0800e246        0x2 
 .text.USBD_FS_DeviceDescriptor
                0x0800e248       0x24 ./USB_DEVICE/App/usbd_desc.o
                0x0800e248                USBD_FS_DeviceDescriptor
 .text.USBD_FS_LangIDStrDescriptor
                0x0800e26c       0x24 ./USB_DEVICE/App/usbd_desc.o
                0x0800e26c                USBD_FS_LangIDStrDescriptor
 .text.USBD_FS_ProductStrDescriptor
                0x0800e290       0x3c ./USB_DEVICE/App/usbd_desc.o
                0x0800e290                USBD_FS_ProductStrDescriptor
 .text.USBD_FS_ManufacturerStrDescriptor
                0x0800e2cc       0x28 ./USB_DEVICE/App/usbd_desc.o
                0x0800e2cc                USBD_FS_ManufacturerStrDescriptor
 .text.USBD_FS_SerialStrDescriptor
                0x0800e2f4       0x24 ./USB_DEVICE/App/usbd_desc.o
                0x0800e2f4                USBD_FS_SerialStrDescriptor
 .text.USBD_FS_ConfigStrDescriptor
                0x0800e318       0x3c ./USB_DEVICE/App/usbd_desc.o
                0x0800e318                USBD_FS_ConfigStrDescriptor
 .text.USBD_FS_InterfaceStrDescriptor
                0x0800e354       0x3c ./USB_DEVICE/App/usbd_desc.o
                0x0800e354                USBD_FS_InterfaceStrDescriptor
 .text.Get_SerialNum
                0x0800e390       0x58 ./USB_DEVICE/App/usbd_desc.o
 .text.IntToUnicode
                0x0800e3e8       0x7e ./USB_DEVICE/App/usbd_desc.o
 *fill*         0x0800e466        0x2 
 .text.HAL_PCD_MspInit
                0x0800e468       0xa8 ./USB_DEVICE/Target/usbd_conf.o
                0x0800e468                HAL_PCD_MspInit
 .text.HAL_PCD_SetupStageCallback
                0x0800e510       0x24 ./USB_DEVICE/Target/usbd_conf.o
                0x0800e510                HAL_PCD_SetupStageCallback
 .text.HAL_PCD_DataOutStageCallback
                0x0800e534       0x36 ./USB_DEVICE/Target/usbd_conf.o
                0x0800e534                HAL_PCD_DataOutStageCallback
 .text.HAL_PCD_DataInStageCallback
                0x0800e56a       0x34 ./USB_DEVICE/Target/usbd_conf.o
                0x0800e56a                HAL_PCD_DataInStageCallback
 .text.HAL_PCD_SOFCallback
                0x0800e59e       0x1c ./USB_DEVICE/Target/usbd_conf.o
                0x0800e59e                HAL_PCD_SOFCallback
 .text.HAL_PCD_ResetCallback
                0x0800e5ba       0x50 ./USB_DEVICE/Target/usbd_conf.o
                0x0800e5ba                HAL_PCD_ResetCallback
 *fill*         0x0800e60a        0x2 
 .text.HAL_PCD_SuspendCallback
                0x0800e60c       0x4c ./USB_DEVICE/Target/usbd_conf.o
                0x0800e60c                HAL_PCD_SuspendCallback
 .text.HAL_PCD_ResumeCallback
                0x0800e658       0x1c ./USB_DEVICE/Target/usbd_conf.o
                0x0800e658                HAL_PCD_ResumeCallback
 .text.HAL_PCD_ISOOUTIncompleteCallback
                0x0800e674       0x24 ./USB_DEVICE/Target/usbd_conf.o
                0x0800e674                HAL_PCD_ISOOUTIncompleteCallback
 .text.HAL_PCD_ISOINIncompleteCallback
                0x0800e698       0x24 ./USB_DEVICE/Target/usbd_conf.o
                0x0800e698                HAL_PCD_ISOINIncompleteCallback
 .text.HAL_PCD_ConnectCallback
                0x0800e6bc       0x1c ./USB_DEVICE/Target/usbd_conf.o
                0x0800e6bc                HAL_PCD_ConnectCallback
 .text.HAL_PCD_DisconnectCallback
                0x0800e6d8       0x1c ./USB_DEVICE/Target/usbd_conf.o
                0x0800e6d8                HAL_PCD_DisconnectCallback
 .text.USBD_LL_Init
                0x0800e6f4       0x98 ./USB_DEVICE/Target/usbd_conf.o
                0x0800e6f4                USBD_LL_Init
 .text.USBD_LL_Start
                0x0800e78c       0x36 ./USB_DEVICE/Target/usbd_conf.o
                0x0800e78c                USBD_LL_Start
 .text.USBD_LL_OpenEP
                0x0800e7c2       0x4c ./USB_DEVICE/Target/usbd_conf.o
                0x0800e7c2                USBD_LL_OpenEP
 .text.USBD_LL_CloseEP
                0x0800e80e       0x3e ./USB_DEVICE/Target/usbd_conf.o
                0x0800e80e                USBD_LL_CloseEP
 .text.USBD_LL_StallEP
                0x0800e84c       0x3e ./USB_DEVICE/Target/usbd_conf.o
                0x0800e84c                USBD_LL_StallEP
 .text.USBD_LL_ClearStallEP
                0x0800e88a       0x3e ./USB_DEVICE/Target/usbd_conf.o
                0x0800e88a                USBD_LL_ClearStallEP
 .text.USBD_LL_IsStallEP
                0x0800e8c8       0x58 ./USB_DEVICE/Target/usbd_conf.o
                0x0800e8c8                USBD_LL_IsStallEP
 .text.USBD_LL_SetUSBAddress
                0x0800e920       0x3e ./USB_DEVICE/Target/usbd_conf.o
                0x0800e920                USBD_LL_SetUSBAddress
 .text.USBD_LL_Transmit
                0x0800e95e       0x42 ./USB_DEVICE/Target/usbd_conf.o
                0x0800e95e                USBD_LL_Transmit
 .text.USBD_LL_PrepareReceive
                0x0800e9a0       0x42 ./USB_DEVICE/Target/usbd_conf.o
                0x0800e9a0                USBD_LL_PrepareReceive
 .text.USBD_LL_GetRxDataSize
                0x0800e9e2       0x26 ./USB_DEVICE/Target/usbd_conf.o
                0x0800e9e2                USBD_LL_GetRxDataSize
 .text.USBD_static_malloc
                0x0800ea08       0x1c ./USB_DEVICE/Target/usbd_conf.o
                0x0800ea08                USBD_static_malloc
 .text.USBD_static_free
                0x0800ea24       0x14 ./USB_DEVICE/Target/usbd_conf.o
                0x0800ea24                USBD_static_free
 .text.USBD_Get_USB_Status
                0x0800ea38       0x58 ./USB_DEVICE/Target/usbd_conf.o
                0x0800ea38                USBD_Get_USB_Status
 .text.memset   0x0800ea90       0x10 /opt/st/stm32cubeide_2.1.1/plugins/com.st.stm32cube.ide.mcu.externaltools.gnu-tools-for-stm32.14.3.rel1.linux64_1.0.100.202602081740/tools/bin/../lib/gcc/arm-none-eabi/14.3.1/../../../../arm-none-eabi/lib/thumb/v7e-m+fp/hard/libc_nano.a(libc_a-memset.o)
                0x0800ea90                memset
 .text.__libc_init_array
                0x0800eaa0       0x48 /opt/st/stm32cubeide_2.1.1/plugins/com.st.stm32cube.ide.mcu.externaltools.gnu-tools-for-stm32.14.3.rel1.linux64_1.0.100.202602081740/tools/bin/../lib/gcc/arm-none-eabi/14.3.1/../../../../arm-none-eabi/lib/thumb/v7e-m+fp/hard/libc_nano.a(libc_a-init.o)
                0x0800eaa0                __libc_init_array
 .text.cos      0x0800eae8       0x88 /opt/st/stm32cubeide_2.1.1/plugins/com.st.stm32cube.ide.mcu.externaltools.gnu-tools-for-stm32.14.3.rel1.linux64_1.0.100.202602081740/tools/bin/../lib/gcc/arm-none-eabi/14.3.1/../../../../arm-none-eabi/lib/thumb/v7e-m+fp/hard/libm.a(libm_a-s_cos.o)
                0x0800eae8                cos
 .text.sin      0x0800eb70       0x88 /opt/st/stm32cubeide_2.1.1/plugins/com.st.stm32cube.ide.mcu.externaltools.gnu-tools-for-stm32.14.3.rel1.linux64_1.0.100.202602081740/tools/bin/../lib/gcc/arm-none-eabi/14.3.1/../../../../arm-none-eabi/lib/thumb/v7e-m+fp/hard/libm.a(libm_a-s_sin.o)
                0x0800eb70                sin
 .text.round    0x0800ebf8       0xa0 /opt/st/stm32cubeide_2.1.1/plugins/com.st.stm32cube.ide.mcu.externaltools.gnu-tools-for-stm32.14.3.rel1.linux64_1.0.100.202602081740/tools/bin/../lib/gcc/arm-none-eabi/14.3.1/../../../../arm-none-eabi/lib/thumb/v7e-m+fp/hard/libm.a(libm_a-s_round.o)
                0x0800ebf8                round
 .text.__kernel_cos
                0x0800ec98      0x26c /opt/st/stm32cubeide_2.1.1/plugins/com.st.stm32cube.ide.mcu.externaltools.gnu-tools-for-stm32.14.3.rel1.linux64_1.0.100.202602081740/tools/bin/../lib/gcc/arm-none-eabi/14.3.1/../../../../arm-none-eabi/lib/thumb/v7e-m+fp/hard/libm.a(libm_a-k_cos.o)
                0x0800ec98                __kernel_cos
 *fill*         0x0800ef04        0x4 
 .text.__kernel_sin
                0x0800ef08      0x184 /opt/st/stm32cubeide_2.1.1/plugins/com.st.stm32cube.ide.mcu.externaltools.gnu-tools-for-stm32.14.3.rel1.linux64_1.0.100.202602081740/tools/bin/../lib/gcc/arm-none-eabi/14.3.1/../../../../arm-none-eabi/lib/thumb/v7e-m+fp/hard/libm.a(libm_a-k_sin.o)
                0x0800ef08                __kernel_sin
 *fill*         0x0800f08c        0x4 
 .text.__ieee754_rem_pio2
                0x0800f090      0x424 /opt/st/stm32cubeide_2.1.1/plugins/com.st.stm32cube.ide.mcu.externaltools.gnu-tools-for-stm32.14.3.rel1.linux64_1.0.100.202602081740/tools/bin/../lib/gcc/arm-none-eabi/14.3.1/../../../../arm-none-eabi/lib/thumb/v7e-m+fp/hard/libm.a(libm_a-e_rem_pio2.o)
                0x0800f090                __ieee754_rem_pio2
 .text.fabs     0x0800f4b4       0x10 /opt/st/stm32cubeide_2.1.1/plugins/com.st.stm32cube.ide.mcu.externaltools.gnu-tools-for-stm32.14.3.rel1.linux64_1.0.100.202602081740/tools/bin/../lib/gcc/arm-none-eabi/14.3.1/../../../../arm-none-eabi/lib/thumb/v7e-m+fp/hard/libm.a(libm_a-s_fabs.o)
                0x0800f4b4                fabs
 *fill*         0x0800f4c4        0x4 
 .text.__kernel_rem_pio2
                0x0800f4c8      0x888 /opt/st/stm32cubeide_2.1.1/plugins/com.st.stm32cube.ide.mcu.externaltools.gnu-tools-for-stm32.14.3.rel1.linux64_1.0.100.202602081740/tools/bin/../lib/gcc/arm-none-eabi/14.3.1/../../../../arm-none-eabi/lib/thumb/v7e-m+fp/hard/libm.a(libm_a-k_rem_pio2.o)
                0x0800f4c8                __kernel_rem_pio2
 .text.scalbn   0x0800fd50      0x114 /opt/st/stm32cubeide_2.1.1/plugins/com.st.stm32cube.ide.mcu.externaltools.gnu-tools-for-stm32.14.3.rel1.linux64_1.0.100.202602081740/tools/bin/../lib/gcc/arm-none-eabi/14.3.1/../../../../arm-none-eabi/lib/thumb/v7e-m+fp/hard/libm.a(libm_a-s_scalbn.o)
                0x0800fd50                scalbn
 *fill*         0x0800fe64        0x4 
 .text.floor    0x0800fe68      0x108 /opt/st/stm32cubeide_2.1.1/plugins/com.st.stm32cube.ide.mcu.externaltools.gnu-tools-for-stm32.14.3.rel1.linux64_1.0.100.202602081740/tools/bin/../lib/gcc/arm-none-eabi/14.3.1/../../../../arm-none-eabi/lib/thumb/v7e-m+fp/hard/libm.a(libm_a-s_floor.o)
                0x0800fe68                floor
 *(.glue_7)
 .glue_7        0x0800ff70        0x0 linker stubs
 *(.glue_7t)
 .glue_7t       0x0800ff70        0x0 linker stubs
 *(.eh_frame)
 .eh_frame      0x0800ff70        0x0 /opt/st/stm32cubeide_2.1.1/plugins/com.st.stm32cube.ide.mcu.externaltools.gnu-tools-for-stm32.14.3.rel1.linux64_1.0.100.202602081740/tools/bin/../lib/gcc/arm-none-eabi/14.3.1/thumb/v7e-m+fp/hard/crtbegin.o
 *(.init)
 .init          0x0800ff70        0x4 /opt/st/stm32cubeide_2.1.1/plugins/com.st.stm32cube.ide.mcu.externaltools.gnu-tools-for-stm32.14.3.rel1.linux64_1.0.100.202602081740/tools/bin/../lib/gcc/arm-none-eabi/14.3.1/thumb/v7e-m+fp/hard/crti.o
                0x0800ff70                _init
 .init          0x0800ff74        0x8 /opt/st/stm32cubeide_2.1.1/plugins/com.st.stm32cube.ide.mcu.externaltools.gnu-tools-for-stm32.14.3.rel1.linux64_1.0.100.202602081740/tools/bin/../lib/gcc/arm-none-eabi/14.3.1/thumb/v7e-m+fp/hard/crtn.o
 *(.fini)
 .fini          0x0800ff7c        0x4 /opt/st/stm32cubeide_2.1.1/plugins/com.st.stm32cube.ide.mcu.externaltools.gnu-tools-for-stm32.14.3.rel1.linux64_1.0.100.202602081740/tools/bin/../lib/gcc/arm-none-eabi/14.3.1/thumb/v7e-m+fp/hard/crti.o
                0x0800ff7c                _fini
 .fini          0x0800ff80        0x8 /opt/st/stm32cubeide_2.1.1/plugins/com.st.stm32cube.ide.mcu.externaltools.gnu-tools-for-stm32.14.3.rel1.linux64_1.0.100.202602081740/tools/bin/../lib/gcc/arm-none-eabi/14.3.1/thumb/v7e-m+fp/hard/crtn.o
                0x0800ff88                        . = ALIGN (0x4)
                0x0800ff88                        _etext = .

.vfp11_veneer   0x0800ff88        0x0
 .vfp11_veneer  0x0800ff88        0x0 linker stubs

.v4_bx          0x0800ff88        0x0
 .v4_bx         0x0800ff88        0x0 linker stubs

.iplt           0x0800ff88        0x0
 .iplt          0x0800ff88        0x0 /opt/st/stm32cubeide_2.1.1/plugins/com.st.stm32cube.ide.mcu.externaltools.gnu-tools-for-stm32.14.3.rel1.linux64_1.0.100.202602081740/tools/bin/../lib/gcc/arm-none-eabi/14.3.1/thumb/v7e-m+fp/hard/crtbegin.o

.rodata         0x0800ff88      0x4c0
                0x0800ff88                        . = ALIGN (0x4)
 *(.rodata)
 .rodata        0x0800ff88       0x1f ./Core/Src/ILI9341.o
 *fill*         0x0800ffa7        0x1 
 .rodata        0x0800ffa8       0x7e ./Core/Src/main.o
 *fill*         0x08010026        0x2 
 .rodata        0x08010028       0x46 ./USB_DEVICE/App/usbd_desc.o
 *(.rodata*)
 *fill*         0x0801006e        0x2 
 .rodata.font5x7
                0x08010070      0x1e0 ./Core/Src/ILI9341.o
                0x08010070                font5x7
 .rodata.AHBPrescTable
                0x08010250       0x10 ./Core/Src/system_stm32f4xx.o
                0x08010250                AHBPrescTable
 .rodata.APBPrescTable
                0x08010260        0x8 ./Core/Src/system_stm32f4xx.o
                0x08010260                APBPrescTable
 .rodata.flagBitshiftOffset.0
                0x08010268        0x8 ./Drivers/STM32F4xx_HAL_Driver/Src/stm32f4xx_hal_dma.o
 .rodata.npio2_hw
                0x08010270       0x80 /opt/st/stm32cubeide_2.1.1/plugins/com.st.stm32cube.ide.mcu.externaltools.gnu-tools-for-stm32.14.3.rel1.linux64_1.0.100.202602081740/tools/bin/../lib/gcc/arm-none-eabi/14.3.1/../../../../arm-none-eabi/lib/thumb/v7e-m+fp/hard/libm.a(libm_a-e_rem_pio2.o)
 .rodata.two_over_pi
                0x080102f0      0x108 /opt/st/stm32cubeide_2.1.1/plugins/com.st.stm32cube.ide.mcu.externaltools.gnu-tools-for-stm32.14.3.rel1.linux64_1.0.100.202602081740/tools/bin/../lib/gcc/arm-none-eabi/14.3.1/../../../../arm-none-eabi/lib/thumb/v7e-m+fp/hard/libm.a(libm_a-e_rem_pio2.o)
 .rodata.PIo2   0x080103f8       0x40 /opt/st/stm32cubeide_2.1.1/plugins/com.st.stm32cube.ide.mcu.externaltools.gnu-tools-for-stm32.14.3.rel1.linux64_1.0.100.202602081740/tools/bin/../lib/gcc/arm-none-eabi/14.3.1/../../../../arm-none-eabi/lib/thumb/v7e-m+fp/hard/libm.a(libm_a-k_rem_pio2.o)
 .rodata.init_jk
                0x08010438       0x10 /opt/st/stm32cubeide_2.1.1/plugins/com.st.stm32cube.ide.mcu.externaltools.gnu-tools-for-stm32.14.3.rel1.linux64_1.0.100.202602081740/tools/bin/../lib/gcc/arm-none-eabi/14.3.1/../../../../arm-none-eabi/lib/thumb/v7e-m+fp/hard/libm.a(libm_a-k_rem_pio2.o)
                0x08010448                        . = ALIGN (0x4)

.ARM.extab      0x08010448        0x0
                0x08010448                        . = ALIGN (0x4)
 *(.ARM.extab* .gnu.linkonce.armextab.*)
                0x08010448                        . = ALIGN (0x4)

.ARM            0x08010448        0x8
                0x08010448                        . = ALIGN (0x4)
                0x08010448                        __exidx_start = .
 *(.ARM.exidx*)
 .ARM.exidx     0x08010448        0x8 /opt/st/stm32cubeide_2.1.1/plugins/com.st.stm32cube.ide.mcu.externaltools.gnu-tools-for-stm32.14.3.rel1.linux64_1.0.100.202602081740/tools/bin/../lib/gcc/arm-none-eabi/14.3.1/thumb/v7e-m+fp/hard/libgcc.a(_udivmoddi4.o)
                0x08010450                        __exidx_end = .
                0x08010450                        . = ALIGN (0x4)

.preinit_array  0x08010450        0x0
                0x08010450                        . = ALIGN (0x4)
                0x08010450                        PROVIDE (__preinit_array_start = .)
 *(.preinit_array*)
                0x08010450                        PROVIDE (__preinit_array_end = .)
                0x08010450                        . = ALIGN (0x4)

.init_array     0x08010450        0x4
                0x08010450                        . = ALIGN (0x4)
                0x08010450                        PROVIDE (__init_array_start = .)
 *(SORT_BY_NAME(.init_array.*))
 *(.init_array*)
 .init_array    0x08010450        0x4 /opt/st/stm32cubeide_2.1.1/plugins/com.st.stm32cube.ide.mcu.externaltools.gnu-tools-for-stm32.14.3.rel1.linux64_1.0.100.202602081740/tools/bin/../lib/gcc/arm-none-eabi/14.3.1/thumb/v7e-m+fp/hard/crtbegin.o
                0x08010454                        PROVIDE (__init_array_end = .)
                0x08010454                        . = ALIGN (0x4)

.fini_array     0x08010454        0x4
                0x08010454                        . = ALIGN (0x4)
                [!provide]                        PROVIDE (__fini_array_start = .)
 *(SORT_BY_NAME(.fini_array.*))
 *(.fini_array*)
 .fini_array    0x08010454        0x4 /opt/st/stm32cubeide_2.1.1/plugins/com.st.stm32cube.ide.mcu.externaltools.gnu-tools-for-stm32.14.3.rel1.linux64_1.0.100.202602081740/tools/bin/../lib/gcc/arm-none-eabi/14.3.1/thumb/v7e-m+fp/hard/crtbegin.o
                [!provide]                        PROVIDE (__fini_array_end = .)
                0x08010458                        . = ALIGN (0x4)
                0x08010458                        _sidata = LOADADDR (.data)

.rel.dyn        0x08010458        0x0
 .rel.iplt      0x08010458        0x0 /opt/st/stm32cubeide_2.1.1/plugins/com.st.stm32cube.ide.mcu.externaltools.gnu-tools-for-stm32.14.3.rel1.linux64_1.0.100.202602081740/tools/bin/../lib/gcc/arm-none-eabi/14.3.1/thumb/v7e-m+fp/hard/crtbegin.o

.data           0x20000000      0x11c load address 0x08010458
                0x20000000                        . = ALIGN (0x4)
                0x20000000                        _sdata = .
 *(.data)
 *(.data*)
 .data.TxData   0x20000000        0x8 ./Core/Src/main.o
                0x20000000                TxData
 .data.TxData2  0x20000008        0x8 ./Core/Src/main.o
                0x20000008                TxData2
 .data.db       0x20000010        0x1 ./Core/Src/main.o
                0x20000010                db
 *fill*         0x20000011        0x3 
 .data.pii      0x20000014        0x4 ./Core/Src/main.o
                0x20000014                pii
 .data.pi4      0x20000018        0x4 ./Core/Src/main.o
                0x20000018                pi4
 .data.pi34     0x2000001c        0x4 ./Core/Src/main.o
                0x2000001c                pi34
 .data.SystemCoreClock
                0x20000020        0x4 ./Core/Src/system_stm32f4xx.o
                0x20000020                SystemCoreClock
 .data.uwTickPrio
                0x20000024        0x4 ./Drivers/STM32F4xx_HAL_Driver/Src/stm32f4xx_hal.o
                0x20000024                uwTickPrio
 .data.uwTickFreq
                0x20000028        0x1 ./Drivers/STM32F4xx_HAL_Driver/Src/stm32f4xx_hal.o
                0x20000028                uwTickFreq
 *fill*         0x20000029        0x3 
 .data.USBD_CDC_DeviceQualifierDesc
                0x2000002c        0xa ./Middlewares/ST/STM32_USB_Device_Library/Class/CDC/Src/usbd_cdc.o
 *fill*         0x20000036        0x2 
 .data.USBD_CDC
                0x20000038       0x38 ./Middlewares/ST/STM32_USB_Device_Library/Class/CDC/Src/usbd_cdc.o
                0x20000038                USBD_CDC
 .data.USBD_CDC_CfgDesc
                0x20000070       0x43 ./Middlewares/ST/STM32_USB_Device_Library/Class/CDC/Src/usbd_cdc.o
 .data.CDCInEpAdd
                0x200000b3        0x1 ./Middlewares/ST/STM32_USB_Device_Library/Class/CDC/Src/usbd_cdc.o
 .data.CDCOutEpAdd
                0x200000b4        0x1 ./Middlewares/ST/STM32_USB_Device_Library/Class/CDC/Src/usbd_cdc.o
 .data.CDCCmdEpAdd
                0x200000b5        0x1 ./Middlewares/ST/STM32_USB_Device_Library/Class/CDC/Src/usbd_cdc.o
 *fill*         0x200000b6        0x2 
 .data.USBD_Interface_fops_FS
                0x200000b8       0x14 ./USB_DEVICE/App/usbd_cdc_if.o
                0x200000b8                USBD_Interface_fops_FS
 .data.FS_Desc  0x200000cc       0x1c ./USB_DEVICE/App/usbd_desc.o
                0x200000cc                FS_Desc
 .data.USBD_FS_DeviceDesc
                0x200000e8       0x12 ./USB_DEVICE/App/usbd_desc.o
                0x200000e8                USBD_FS_DeviceDesc
 *fill*         0x200000fa        0x2 
 .data.USBD_LangIDDesc
                0x200000fc        0x4 ./USB_DEVICE/App/usbd_desc.o
                0x200000fc                USBD_LangIDDesc
 .data.USBD_StringSerial
                0x20000100       0x1a ./USB_DEVICE/App/usbd_desc.o
                0x20000100                USBD_StringSerial
 *(.RamFunc)
 *(.RamFunc*)
                0x2000011c                        . = ALIGN (0x4)
 *fill*         0x2000011a        0x2 
                0x2000011c                        _edata = .
                0x08010574                        _siccmram = LOADADDR (.ccmram)

.igot.plt       0x2000011c        0x0 load address 0x08010574
 .igot.plt      0x2000011c        0x0 /opt/st/stm32cubeide_2.1.1/plugins/com.st.stm32cube.ide.mcu.externaltools.gnu-tools-for-stm32.14.3.rel1.linux64_1.0.100.202602081740/tools/bin/../lib/gcc/arm-none-eabi/14.3.1/thumb/v7e-m+fp/hard/crtbegin.o

.ccmram         0x10000000        0x0 load address 0x08010574
                0x10000000                        . = ALIGN (0x4)
                0x10000000                        _sccmram = .
 *(.ccmram)
 *(.ccmram*)
                0x10000000                        . = ALIGN (0x4)
                0x10000000                        _eccmram = .
                0x10000000                        . = ALIGN (0x4)

.bss            0x2000011c     0x1258
                0x2000011c                        _sbss = .
                0x2000011c                        __bss_start__ = _sbss
 *(.bss)
 .bss           0x2000011c       0x1c /opt/st/stm32cubeide_2.1.1/plugins/com.st.stm32cube.ide.mcu.externaltools.gnu-tools-for-stm32.14.3.rel1.linux64_1.0.100.202602081740/tools/bin/../lib/gcc/arm-none-eabi/14.3.1/thumb/v7e-m+fp/hard/crtbegin.o
 *(.bss*)
 .bss.ili9341_hspi
                0x20000138        0x4 ./Core/Src/ILI9341.o
 .bss._bno055_i2c_port
                0x2000013c        0x4 ./Core/Src/main.o
                0x2000013c                _bno055_i2c_port
 .bss.BNO055    0x20000140       0x30 ./Core/Src/main.o
                0x20000140                BNO055
 .bss.TxMailbox
                0x20000170        0x4 ./Core/Src/main.o
                0x20000170                TxMailbox
 .bss.TxHeader  0x20000174       0x18 ./Core/Src/main.o
                0x20000174                TxHeader
 .bss.TxHeader2
                0x2000018c       0x18 ./Core/Src/main.o
                0x2000018c                TxHeader2
 .bss.hadc1     0x200001a4       0x48 ./Core/Src/main.o
                0x200001a4                hadc1
 .bss.hdma_adc1
                0x200001ec       0x60 ./Core/Src/main.o
                0x200001ec                hdma_adc1
 .bss.hcan1     0x2000024c       0x28 ./Core/Src/main.o
                0x2000024c                hcan1
 .bss.hi2c1     0x20000274       0x54 ./Core/Src/main.o
                0x20000274                hi2c1
 .bss.hi2c2     0x200002c8       0x54 ./Core/Src/main.o
                0x200002c8                hi2c2
 .bss.hspi1     0x2000031c       0x58 ./Core/Src/main.o
                0x2000031c                hspi1
 .bss.htim1     0x20000374       0x48 ./Core/Src/main.o
                0x20000374                htim1
 .bss.htim2     0x200003bc       0x48 ./Core/Src/main.o
                0x200003bc                htim2
 .bss.htim3     0x20000404       0x48 ./Core/Src/main.o
                0x20000404                htim3
 .bss.htim4     0x2000044c       0x48 ./Core/Src/main.o
                0x2000044c                htim4
 .bss.htim8     0x20000494       0x48 ./Core/Src/main.o
                0x20000494                htim8
 .bss.htim9     0x200004dc       0x48 ./Core/Src/main.o
                0x200004dc                htim9
 .bss.htim12    0x20000524       0x48 ./Core/Src/main.o
                0x20000524                htim12
 .bss.huart1    0x2000056c       0x48 ./Core/Src/main.o
                0x2000056c                huart1
 .bss.huart2    0x200005b4       0x48 ./Core/Src/main.o
                0x200005b4                huart2
 .bss.huart3    0x200005fc       0x48 ./Core/Src/main.o
                0x200005fc                huart3
 .bss.hdma_usart3_rx
                0x20000644       0x60 ./Core/Src/main.o
                0x20000644                hdma_usart3_rx
 .bss.adc_list  0x200006a4       0x2c ./Core/Src/main.o
                0x200006a4                adc_list
 .bss.channel   0x200006d0        0x1 ./Core/Src/main.o
                0x200006d0                channel
 *fill*         0x200006d1        0x3 
 .bss.adc       0x200006d4        0x4 ./Core/Src/main.o
                0x200006d4                adc
 .bss.check_hc12
                0x200006d8        0x1 ./Core/Src/main.o
                0x200006d8                check_hc12
 .bss.pre_check
                0x200006d9        0x1 ./Core/Src/main.o
                0x200006d9                pre_check
 .bss.flag_ok   0x200006da        0x1 ./Core/Src/main.o
                0x200006da                flag_ok
 *fill*         0x200006db        0x1 
 .bss.X         0x200006dc        0x4 ./Core/Src/main.o
                0x200006dc                X
 .bss.Y         0x200006e0        0x4 ./Core/Src/main.o
                0x200006e0                Y
 .bss.rx_hc12   0x200006e4        0x5 ./Core/Src/main.o
                0x200006e4                rx_hc12
 .bss.id_hc12   0x200006e9        0x1 ./Core/Src/main.o
                0x200006e9                id_hc12
 .bss.hc12      0x200006ea        0x1 ./Core/Src/main.o
                0x200006ea                hc12
 .bss.pre_bt3   0x200006eb        0x1 ./Core/Src/main.o
                0x200006eb                pre_bt3
 .bss.flag_read_imu
                0x200006ec        0x1 ./Core/Src/main.o
                0x200006ec                flag_read_imu
 *fill*         0x200006ed        0x3 
 .bss.rad_dh    0x200006f0        0x4 ./Core/Src/main.o
                0x200006f0                rad_dh
 .bss.add_rad   0x200006f4        0x4 ./Core/Src/main.o
                0x200006f4                add_rad
 .bss.goc_quay  0x200006f8        0x4 ./Core/Src/main.o
                0x200006f8                goc_quay
 .bss.goc_bu    0x200006fc        0x4 ./Core/Src/main.o
                0x200006fc                goc_bu
 .bss.i2c_devices
                0x20000700        0xa ./Core/Src/main.o
                0x20000700                i2c_devices
 .bss.device_count
                0x2000070a        0x1 ./Core/Src/main.o
                0x2000070a                device_count
 *fill*         0x2000070b        0x1 
 .bss.uwTick    0x2000070c        0x4 ./Drivers/STM32F4xx_HAL_Driver/Src/stm32f4xx_hal.o
                0x2000070c                uwTick
 .bss.cfgidx.0  0x20000710        0x1 ./Middlewares/ST/STM32_USB_Device_Library/Core/Src/usbd_ctlreq.o
 *fill*         0x20000711        0x3 
 .bss.hUsbDeviceFS
                0x20000714      0x2dc ./USB_DEVICE/App/usb_device.o
                0x20000714                hUsbDeviceFS
 .bss.UserRxBufferFS
                0x200009f0       0x40 ./USB_DEVICE/App/usbd_cdc_if.o
                0x200009f0                UserRxBufferFS
 .bss.UserTxBufferFS
                0x20000a30       0x40 ./USB_DEVICE/App/usbd_cdc_if.o
                0x20000a30                UserTxBufferFS
 .bss.USBD_StrDesc
                0x20000a70      0x200 ./USB_DEVICE/App/usbd_desc.o
                0x20000a70                USBD_StrDesc
 .bss.hpcd_USB_OTG_FS
                0x20000c70      0x4e4 ./USB_DEVICE/Target/usbd_conf.o
                0x20000c70                hpcd_USB_OTG_FS
 .bss.mem.0     0x20001154      0x220 ./USB_DEVICE/Target/usbd_conf.o
 *(COMMON)
                0x20001374                        . = ALIGN (0x4)
                0x20001374                        _ebss = .
                0x20001374                        __bss_end__ = _ebss

._user_heap_stack
                0x20001374      0x604
                0x20001378                        . = ALIGN (0x8)
 *fill*         0x20001374        0x4 
                [!provide]                        PROVIDE (end = .)
                0x20001378                        PROVIDE (_end = .)
                0x20001578                        . = (. + _Min_Heap_Size)
 *fill*         0x20001378      0x200 
                0x20001978                        . = (. + _Min_Stack_Size)
 *fill*         0x20001578      0x400 
                0x20001978                        . = ALIGN (0x8)

/DISCARD/
 libc.a(*)
 libm.a(*)
 libgcc.a(*)

.ARM.attributes
                0x00000000       0x30
 *(.ARM.attributes)
 .ARM.attributes
                0x00000000       0x22 /opt/st/stm32cubeide_2.1.1/plugins/com.st.stm32cube.ide.mcu.externaltools.gnu-tools-for-stm32.14.3.rel1.linux64_1.0.100.202602081740/tools/bin/../lib/gcc/arm-none-eabi/14.3.1/thumb/v7e-m+fp/hard/crti.o
 .ARM.attributes
                0x00000022       0x34 /opt/st/stm32cubeide_2.1.1/plugins/com.st.stm32cube.ide.mcu.externaltools.gnu-tools-for-stm32.14.3.rel1.linux64_1.0.100.202602081740/tools/bin/../lib/gcc/arm-none-eabi/14.3.1/thumb/v7e-m+fp/hard/crtbegin.o
 .ARM.attributes
                0x00000056       0x34 ./Core/Src/ILI9341.o
 .ARM.attributes
                0x0000008a       0x34 ./Core/Src/bno055.o
 .ARM.attributes
                0x000000be       0x34 ./Core/Src/main.o
 .ARM.attributes
                0x000000f2       0x34 ./Core/Src/pca9685.o
 .ARM.attributes
                0x00000126       0x34 ./Core/Src/stm32f4xx_hal_msp.o
 .ARM.attributes
                0x0000015a       0x34 ./Core/Src/stm32f4xx_it.o
 .ARM.attributes
                0x0000018e       0x34 ./Core/Src/system_stm32f4xx.o
 .ARM.attributes
                0x000001c2       0x21 ./Core/Startup/startup_stm32f407vgtx.o
 .ARM.attributes
                0x000001e3       0x34 ./Drivers/STM32F4xx_HAL_Driver/Src/stm32f4xx_hal.o
 .ARM.attributes
                0x00000217       0x34 ./Drivers/STM32F4xx_HAL_Driver/Src/stm32f4xx_hal_adc.o
 .ARM.attributes
                0x0000024b       0x34 ./Drivers/STM32F4xx_HAL_Driver/Src/stm32f4xx_hal_can.o
 .ARM.attributes
                0x0000027f       0x34 ./Drivers/STM32F4xx_HAL_Driver/Src/stm32f4xx_hal_cortex.o
 .ARM.attributes
                0x000002b3       0x34 ./Drivers/STM32F4xx_HAL_Driver/Src/stm32f4xx_hal_dma.o
 .ARM.attributes
                0x000002e7       0x34 ./Drivers/STM32F4xx_HAL_Driver/Src/stm32f4xx_hal_gpio.o
 .ARM.attributes
                0x0000031b       0x34 ./Drivers/STM32F4xx_HAL_Driver/Src/stm32f4xx_hal_i2c.o
 .ARM.attributes
                0x0000034f       0x34 ./Drivers/STM32F4xx_HAL_Driver/Src/stm32f4xx_hal_pcd.o
 .ARM.attributes
                0x00000383       0x34 ./Drivers/STM32F4xx_HAL_Driver/Src/stm32f4xx_hal_pcd_ex.o
 .ARM.attributes
                0x000003b7       0x34 ./Drivers/STM32F4xx_HAL_Driver/Src/stm32f4xx_hal_rcc.o
 .ARM.attributes
                0x000003eb       0x34 ./Drivers/STM32F4xx_HAL_Driver/Src/stm32f4xx_hal_spi.o
 .ARM.attributes
                0x0000041f       0x34 ./Drivers/STM32F4xx_HAL_Driver/Src/stm32f4xx_hal_tim.o
 .ARM.attributes
                0x00000453       0x34 ./Drivers/STM32F4xx_HAL_Driver/Src/stm32f4xx_hal_tim_ex.o
 .ARM.attributes
                0x00000487       0x34 ./Drivers/STM32F4xx_HAL_Driver/Src/stm32f4xx_hal_uart.o
 .ARM.attributes
                0x000004bb       0x34 ./Drivers/STM32F4xx_HAL_Driver/Src/stm32f4xx_ll_usb.o
 .ARM.attributes
                0x000004ef       0x34 ./Middlewares/ST/STM32_USB_Device_Library/Class/CDC/Src/usbd_cdc.o
 .ARM.attributes
                0x00000523       0x34 ./Middlewares/ST/STM32_USB_Device_Library/Core/Src/usbd_core.o
 .ARM.attributes
                0x00000557       0x34 ./Middlewares/ST/STM32_USB_Device_Library/Core/Src/usbd_ctlreq.o
 .ARM.attributes
                0x0000058b       0x34 ./Middlewares/ST/STM32_USB_Device_Library/Core/Src/usbd_ioreq.o
 .ARM.attributes
                0x000005bf       0x34 ./USB_DEVICE/App/usb_device.o
 .ARM.attributes
                0x000005f3       0x34 ./USB_DEVICE/App/usbd_cdc_if.o
 .ARM.attributes
                0x00000627       0x34 ./USB_DEVICE/App/usbd_desc.o
 .ARM.attributes
                0x0000065b       0x34 ./USB_DEVICE/Target/usbd_conf.o
 .ARM.attributes
                0x0000068f       0x34 /opt/st/stm32cubeide_2.1.1/plugins/com.st.stm32cube.ide.mcu.externaltools.gnu-tools-for-stm32.14.3.rel1.linux64_1.0.100.202602081740/tools/bin/../lib/gcc/arm-none-eabi/14.3.1/../../../../arm-none-eabi/lib/thumb/v7e-m+fp/hard/libc_nano.a(libc_a-memset.o)
 .ARM.attributes
                0x000006c3       0x34 /opt/st/stm32cubeide_2.1.1/plugins/com.st.stm32cube.ide.mcu.externaltools.gnu-tools-for-stm32.14.3.rel1.linux64_1.0.100.202602081740/tools/bin/../lib/gcc/arm-none-eabi/14.3.1/../../../../arm-none-eabi/lib/thumb/v7e-m+fp/hard/libc_nano.a(libc_a-init.o)
 .ARM.attributes
                0x000006f7       0x34 /opt/st/stm32cubeide_2.1.1/plugins/com.st.stm32cube.ide.mcu.externaltools.gnu-tools-for-stm32.14.3.rel1.linux64_1.0.100.202602081740/tools/bin/../lib/gcc/arm-none-eabi/14.3.1/../../../../arm-none-eabi/lib/thumb/v7e-m+fp/hard/libm.a(libm_a-s_cos.o)
 .ARM.attributes
                0x0000072b       0x34 /opt/st/stm32cubeide_2.1.1/plugins/com.st.stm32cube.ide.mcu.externaltools.gnu-tools-for-stm32.14.3.rel1.linux64_1.0.100.202602081740/tools/bin/../lib/gcc/arm-none-eabi/14.3.1/../../../../arm-none-eabi/lib/thumb/v7e-m+fp/hard/libm.a(libm_a-s_sin.o)
 .ARM.attributes