../Core/Src/main.c:112:6:HAL_CAN_RxFifo0MsgPendingCallback	16	static
../Core/Src/main.c:123:6:quay_thuan	16	static
../Core/Src/main.c:128:6:quay_nghich	16	static
../Core/Src/main.c:132:6:dung	4	static
../Core/Src/main.c:136:6:dk	8	static
../Core/Src/main.c:140:6:PID_Control	24	static
../Core/Src/main.c:154:6:HAL_TIM_PeriodElapsedCallback	16	static
../Core/Src/main.c:161:6:HAL_TIM_IC_CaptureCallback	24	static
../Core/Src/main.c:172:6:PID_CONTROL_INIT	24	static
../Core/Src/main.c:182:5:main	64	static
../Core/Src/main.c:253:6:SystemClock_Config	72	static
../Core/Src/main.c:293:13:MX_CAN_Init	48	static
../Core/Src/main.c:356:13:MX_TIM2_Init	48	static
../Core/Src/main.c:409:13:MX_TIM3_Init	56	static
../Core/Src/main.c:458:13:MX_TIM4_Init	32	static
../Core/Src/main.c:503:13:MX_USART2_UART_Init	8	static
../Core/Src/main.c:536:13:MX_GPIO_Init	40	static
../Core/Src/main.c:582:6:Error_Handler	4	static,ignoring_inline_asm
