../Core/Src/main.c:118:6:HAL_CAN_RxFifo0MsgPendingCallback	24	static
../Core/Src/main.c:133:6:PID_Control	40	static
../Core/Src/main.c:212:6:quay_thuan	16	static
../Core/Src/main.c:218:6:quay_nghich	16	static
../Core/Src/main.c:222:6:dung	4	static
../Core/Src/main.c:226:6:dk	8	static
../Core/Src/main.c:233:6:HAL_TIM_PeriodElapsedCallback	24	static
../Core/Src/main.c:247:6:PID_CONTROL_INIT	24	static
../Core/Src/main.c:258:5:main	72	static
../Core/Src/main.c:324:6:SystemClock_Config	72	static
../Core/Src/main.c:364:13:MX_CAN_Init	48	static
../Core/Src/main.c:425:13:MX_TIM2_Init	48	static
../Core/Src/main.c:478:13:MX_TIM3_Init	56	static
../Core/Src/main.c:527:13:MX_TIM4_Init	32	static
../Core/Src/main.c:572:13:MX_USART2_UART_Init	8	static
../Core/Src/main.c:605:13:MX_GPIO_Init	40	static
../Core/Src/main.c:651:6:Error_Handler	4	static,ignoring_inline_asm
