../Core/Inc/bno055_stm32.h:20:6:bno055_assignI2C	16	static
../Core/Inc/bno055_stm32.h:24:6:bno055_delay	16	static
../Core/Inc/bno055_stm32.h:32:6:bno055_writeData	32	static
../Core/Inc/bno055_stm32.h:96:6:bno055_readData	24	static
../Core/Src/main.c:183:6:test_output	16	static
../Core/Src/main.c:197:6:HAL_CAN_TxMailbox0CompleteCallback	16	static
../Core/Src/main.c:201:6:Update_Display_Data	4	static
../Core/Src/main.c:263:6:Channel	16	static
../Core/Src/main.c:273:6:HAL_ADC_ConvCpltCallback	16	static
../Core/Src/main.c:286:9:Chuan_hoa	16	static
../Core/Src/main.c:294:6:HAL_TIM_PeriodElapsedCallback	40	static
../Core/Src/main.c:377:6:I2C1_Scan	16	static
../Core/Src/main.c:397:19:HC12_Send_AT	96	static
../Core/Src/main.c:425:6:HC12_Setup_Routine	80	static
../Core/Src/main.c:460:6:HAL_UART_RxCpltCallback	16	static
../Core/Src/main.c:483:10:AngleToPWM	24	static
../Core/Src/main.c:492:6:SetServoAngle_1	40	static
../Core/Src/main.c:505:5:main	16	static
../Core/Src/main.c:620:6:SystemClock_Config	88	static
../Core/Src/main.c:663:13:MX_ADC1_Init	24	static
../Core/Src/main.c:713:13:MX_CAN1_Init	8	static
../Core/Src/main.c:747:13:MX_I2C1_Init	8	static
../Core/Src/main.c:778:13:MX_I2C2_Init	8	static
../Core/Src/main.c:809:13:MX_SPI1_Init	8	static
../Core/Src/main.c:844:13:MX_TIM1_Init	32	static
../Core/Src/main.c:885:13:MX_TIM2_Init	56	static
../Core/Src/main.c:930:13:MX_TIM3_Init	56	static
../Core/Src/main.c:975:13:MX_TIM4_Init	56	static
../Core/Src/main.c:1020:13:MX_TIM8_Init	32	static
../Core/Src/main.c:1061:13:MX_TIM9_Init	40	static
../Core/Src/main.c:1099:13:MX_TIM12_Init	40	static
../Core/Src/main.c:1140:13:MX_USART1_UART_Init	8	static
../Core/Src/main.c:1170:13:MX_USART2_UART_Init	8	static
../Core/Src/main.c:1200:13:MX_USART3_UART_Init	8	static
../Core/Src/main.c:1228:13:MX_DMA_Init	16	static
../Core/Src/main.c:1248:13:MX_GPIO_Init	56	static
../Core/Src/main.c:1363:6:HAL_UART_ErrorCallback	32	static
../Core/Src/main.c:1383:6:Error_Handler	4	static,ignoring_inline_asm
