../Core/Inc/bno055_stm32.h:20:6:bno055_assignI2C	16	static
../Core/Inc/bno055_stm32.h:24:6:bno055_delay	16	static
../Core/Inc/bno055_stm32.h:32:6:bno055_writeData	32	static
../Core/Inc/bno055_stm32.h:96:6:bno055_readData	24	static
../Core/Src/main.c:142:6:HAL_CAN_TxMailbox0CompleteCallback	16	static
../Core/Src/main.c:146:6:Update_Display_Data	4	static
../Core/Src/main.c:185:6:Read_IMU	8	static
../Core/Src/main.c:205:6:Channel	16	static
../Core/Src/main.c:212:6:HAL_ADC_ConvCpltCallback	16	static
../Core/Src/main.c:225:9:Chuan_hoa	16	static
../Core/Src/main.c:231:6:HAL_TIM_PeriodElapsedCallback	40	static
../Core/Src/main.c:288:6:I2C1_Scan	16	static
../Core/Src/main.c:307:19:HC12_Send_AT	96	static
../Core/Src/main.c:336:6:HC12_Setup_Routine	80	static
../Core/Src/main.c:373:6:HAL_UART_RxCpltCallback	16	static
../Core/Src/main.c:402:10:AngleToPWM	24	static
../Core/Src/main.c:408:6:SetServoAngle_1	40	static
../Core/Src/main.c:418:5:main	16	static
../Core/Src/main.c:526:6:SystemClock_Config	88	static
../Core/Src/main.c:572:13:MX_ADC1_Init	24	static
../Core/Src/main.c:624:13:MX_CAN1_Init	8	static
../Core/Src/main.c:661:13:MX_I2C1_Init	8	static
../Core/Src/main.c:695:13:MX_I2C2_Init	8	static
../Core/Src/main.c:729:13:MX_SPI1_Init	8	static
../Core/Src/main.c:767:13:MX_TIM1_Init	32	static
../Core/Src/main.c:813:13:MX_TIM2_Init	56	static
../Core/Src/main.c:862:13:MX_TIM3_Init	56	static
../Core/Src/main.c:911:13:MX_TIM4_Init	56	static
../Core/Src/main.c:960:13:MX_TIM8_Init	32	static
../Core/Src/main.c:1006:13:MX_TIM9_Init	40	static
../Core/Src/main.c:1048:13:MX_TIM12_Init	40	static
../Core/Src/main.c:1094:13:MX_USART1_UART_Init	8	static
../Core/Src/main.c:1127:13:MX_USART2_UART_Init	8	static
../Core/Src/main.c:1160:13:MX_USART3_UART_Init	8	static
../Core/Src/main.c:1191:13:MX_DMA_Init	16	static
../Core/Src/main.c:1213:13:MX_GPIO_Init	56	static
../Core/Src/main.c:1325:6:HAL_UART_ErrorCallback	32	static
../Core/Src/main.c:1349:6:Error_Handler	4	static,ignoring_inline_asm
